
> console-web@1.0.0 build
> node tools/production-runtime.mjs --build

▲ Next.js 16.3.8 (webpack)
✓ Running next.config.mjs took 8ms

  Creating an optimized production build ...
✓ Compiled successfully in 1582ms
  Running TypeScript ...
  Finished TypeScript in 837ms ...
  Collecting page data using 12 workers ...
  Generating static pages using 12 workers (0/1) ...
✓ Generating static pages using 12 workers (1/1) in 187ms
  Finalizing page optimization ...
  Collecting build traces ...

Route (app)
┌ ƒ /
├ ƒ /_not-found
├ ƒ /api/browser-session/login
├ ƒ /api/browser-session/logout
├ ƒ /api/browser-session/start
├ ƒ /login
├ ƒ /me/[context]/attendance
├ ƒ /storefront
├ ƒ /storefront/[id]
└ ƒ /storefront/[id]/media/[mediaId]


ƒ  (Dynamic)  server-rendered on demand

