▶ request body contract gate
  ✔ parses many outer attributes within the bounded CLI run (58.065625ms)
  ✔ reports a spec property the struct's rename_all makes unreachable (3.802834ms)
  ✔ reports a required spec property that is not a field of the bound struct at all (2.535916ms)
  ✔ reports a handler-required field the spec does not list as required (2.187ms)
  ✔ reports a handler-required field the spec makes optional when nothing renames it (2.025167ms)
  ✔ does not report the renamed-field mismatch twice, once from each side (2.491417ms)
  ✔ treats an Option field as optional rather than a missing required entry (2.960958ms)
  ✔ reads a raw-identifier field under the name serde publishes it as (5.310083ms)
  ✔ skips a struct without deny_unknown_fields instead of counting it as compared (2.598333ms)
  ✔ flags an anchor operation that stops resolving instead of silently comparing less (82.013875ms)
  ✔ resolves every anchor and stays above the floor against this repository (1977.003709ms)
  ✔ exits 1 naming the floor when the resolver finds nothing to compare (46.270917ms)
  ✔ exits 1 on the floor alone, with every anchor resolved and no findings (156.987792ms)
  ✔ exits 0 stating what it compared, against this repository (1758.643875ms)
  ✔ lets an explicit #[serde(rename)] override rename_all (2.119875ms)
  ✔ treats #[serde(default)] on a non-Option field as optional (2.04925ms)
  ✔ resolves and compares an inline requestBody schema, not only a $ref (1.912083ms)
  ✔ binds the struct in the handler's own file, not a same-named one in another crate (2.132333ms)
  ✔ refuses to guess between same-named structs instead of comparing an arbitrary one (4.290583ms)
  ✔ fails closed when a request struct exists only inside an unexpanded macro (2.008625ms)
✔ request body contract gate (4119.0045ms)
▶ own-property helper rejects Object.prototype keys
  ✔ own() and hasOwnKey() return nothing for every hostile key on an empty map (0.116083ms)
  ✔ own() still returns authored own properties (0.186833ms)
✔ own-property helper rejects Object.prototype keys (0.414167ms)
▶ request-body contract rejects prototype-chain schema resolution
  ✔ jsonRequestSchema resolves nothing through the JS prototype chain (0.205458ms)
  ✔ does not treat Object.prototype names as present in schema.properties (1.851875ms)
✔ request-body contract rejects prototype-chain schema resolution (2.146583ms)
▶ serde rename_all reproduction
  ✔ renames outcome the way serde does (0.202958ms)
  ✔ renames very_tasty the way serde does (0.06575ms)
  ✔ renames a the way serde does (0.034959ms)
  ✔ renames z42 the way serde does (0.029792ms)
✔ serde rename_all reproduction (0.457417ms)
▶ serde enum-variant reproduction
  ✔ uses serde's variant rules rather than its different field rules (0.142792ms)
✔ serde enum-variant reproduction (0.183833ms)
▶ request body enum-variant contract
  ✔ compares a qualified Option enum through a nullable oneOf $ref (2.330542ms)
  ✔ reports a variant the spec advertises but serde rejects (2.478125ms)
  ✔ reports a variant serde accepts but the spec omits (2.114ms)
  ✔ does not let a top-level line comment hide the following Rust enum variant (3563.953833ms)
  ✔ does not let a char literal close an outer Rust enum body (3586.696917ms)
  ✔ does not let a byte-char literal close an outer Rust enum body (3623.198125ms)
  ✔ discovers no enum from an unexpanded macro_rules token tree at module scope (4001.079542ms)
  ✔ discovers no cfg-disabled enum nested in a function body (3978.067833ms)
  ✔ discovers no cfg-disabled enum nested in a const initializer block (3761.790292ms)
  ✔ discovers no cfg-disabled enum nested in an impl method body (3815.420542ms)
  ✔ discovers no enum from async, closure, trait, or static initializer bodies (2.017625ms)
  ✔ resolves an enum through its explicit inline-module path (2.069833ms)
  ✔ resolves a grouped import from an inline module without guessing another module (1.908583ms)
  ✔ resolves a qualified enum declared in a file-backed module (1.88ms)
  ✔ follows a file-backed module's path attribute instead of its physical-name decoy (5.530959ms)
  ✔ uses Rust's relative path rules in file modules and inline modules (10.672291ms)
  ✔ ignores path-shaped comments, strings, and unrelated attributes (2.037041ms)
  ✔ propagates cfg uncertainty through a path-remapped file module (1.872958ms)
  ✔ propagates inner cfg_attr uncertainty from a path target with valid rustc configurations (650.244334ms)
  ✔ propagates inner cfg_attr after Rust file shebang and BOM preludes (1050.708458ms)
  ✔ fails closed on misplaced, duplicate, or unsupported Rust file preludes (37.345125ms)
  ✔ propagates direct, conditional, duplicate, and conflicting inner cfg attributes (14.043333ms)
  ✔ keeps lint-only inner cfg_attr modules resolvable (4.924041ms)
  ✔ fails closed on malformed or unsupported inner module attributes (28.844708ms)
  ✔ fails closed on unknown, duplicate, conflicting, conditional, or malformed path mappings (25.765875ms)
  ✔ leaves missing, non-Rust, and ambiguous ordinary module targets unresolved (14.494ms)
  ✔ resolves a qualified enum through an imported module alias (3.901834ms)
  ✔ does not resolve an unknown qualified path by bare-name fallback (6.606667ms)
  ✔ fails closed on a cfg-conditional module-scope enum (5.116583ms)
  ✔ propagates cfg uncertainty from an inline module to its enum (5.019875ms)
  ✔ fails closed when a field enum exists only inside an unexpanded macro (4.392875ms)
  ✔ keeps the outer enum boundary across every supported Rust lexical form (58.232042ms)
  ✔ does not discover enum items fabricated inside comments or literals (6.179583ms)
  ✔ fails closed on lexically invalid or unbalanced Rust item bodies (19.555166ms)
  ✔ keeps variants visible across line, doc, comma-bearing, and nested block comments (28.212958ms)
  ✔ treats comments as whitespace instead of fabricating joined variant names (20.125ms)
  ✔ does not read comment syntax or commas inside discriminant literals as enum structure (5.039916ms)
  ✔ fails closed on syntax-bearing attributes even when their strings look like comments (4.774042ms)
  ✔ reports a serde enum when OpenAPI leaves the string unrestricted (4.179833ms)
  ✔ registers a String-backed spec enum instead of pretending to compare it (4.316333ms)
  ✔ registers tagged/data enums and unsupported variant attributes instead of guessing (9.874166ms)
  ✔ refuses an ambiguous bare enum name (4.93375ms)
  ✔ normalizes placeholder names without normalizing literal path bytes (5.029458ms)
  ✔ fails closed when placeholder normalization makes two operations collide (5.222292ms)
  ✔ makes enum findings fatal in the CLI (53.986458ms)
  ✔ enforces the enum floor independently of body resolution (47.986166ms)
✔ request body enum-variant contract (28496.0695ms)
▶ undecidable register is exact and fail-closed
  ✔ rejects a missing, malformed, or duplicate register (16.816292ms)
  ✔ rejects unknown reasons, reason drift, stale entries, and equal-count substitution (8.096042ms)
  ✔ makes register drift fatal in the CLI (45.532125ms)
✔ undecidable register is exact and fail-closed (70.595208ms)
▶ live request body census
  ✔ binds the exact source-first body and enum populations to the reviewed register (2674.481958ms)
✔ live request body census (2674.560083ms)
✔ fixture proof output is 0600 under a permissive umask and keeps its contract (130.118708ms)
✔ existing output and symlink are rejected without changing their targets (298.528ms)
✔ unknown argument text is never returned in a CLI failure (46.632291ms)
✔ wrong local fixture-key password fails privately without publishing proof (106.0715ms)
✔ writable output parent is rejected without publishing proof (109.960292ms)
✔ writable output ancestor is rejected without publishing proof (60.463958ms)
✔ missing output parent is rejected without creating directories (75.560625ms)
ℹ tests 86
ℹ suites 8
ℹ pass 86
ℹ fail 0
ℹ cancelled 0
ℹ skipped 0
ℹ todo 0
ℹ duration_ms 39792.132084
