
running 168 tests
test action_inbox::tests::normalizes_the_legacy_workflow_run_alias ... ok
test action_inbox::tests::preserves_cursor_validation_and_source_failure_error_codes ... ok
test audit_attestation_auth_tests::audit_attestation_builtin_gate_allows_only_super_admin_for_audit_read ... ok
test audit_chain_signer::tests::build_attestation_signer_uses_external_when_configured ... ok
test audit_chain_signer::tests::external_config_absent_when_unset ... ok
test audit_chain_signer::tests::external_config_rejects_partial ... ok
test audit_chain_signer::tests::external_config_requires_active_key_in_anchors ... ok
test audit_chain_signer::tests::http_custody_transport_maps_connect_failure_to_unavailable ... ok
test audit_chain_signer::tests::http_custody_transport_signs_via_loopback_stub ... FAILED
test audit_chain_signer::tests::seal_worker_allows_explicit_dev_signer ... ok
test audit_chain_signer::tests::seal_worker_fails_closed_without_custody_or_allow_dev ... ok
test browser_payslips::tests::issued_money_is_exact_and_source_bound ... ok
test browser_payslips::tests::malformed_issuance_never_becomes_zero_or_a_balanced_statement ... ok
test cedar_parity::tests::divergences_from_different_domains_remain_distinct ... ok
test cedar_parity::tests::identical_divergences_dedupe_with_count ... ok
test cedar_parity::tests::report_surfaces_a_seeded_divergence_per_site ... ok
test collaboration::tests::personal_scope_is_pinned_to_actor ... ok
test collaboration::tests::poll_options_are_unique_and_object_link_is_paired ... ok
test command_database_config_tests::api_accepts_distinct_leave_command_database_url ... ok
test command_database_config_tests::api_rejects_command_urls_equal_to_runtime_or_each_other ... ok
test command_database_config_tests::api_rejects_pairwise_equal_decoded_database_passwords ... ok
test command_database_config_tests::api_with_database_requires_distinct_leave_command_database_url ... ok
test command_database_config_tests::api_with_database_requires_distinct_ontology_command_database_url ... ok
test command_database_config_tests::api_with_database_requires_platform_force_command_database_url ... ok
test command_database_config_tests::blank_leave_command_database_url_fails_closed_for_database_backed_api ... ok
test command_database_config_tests::connected_role_guards_require_exact_direct_identity_without_membership ... ok
test command_database_config_tests::database_free_api_does_not_require_leave_command_database_url ... ok
test command_database_config_tests::database_urls_reject_login_role_aliases_and_role_options ... ok
test command_database_config_tests::database_urls_require_nonempty_decoded_passwords ... ok
test command_database_config_tests::migration_identity_accepts_only_the_exact_owner_topology ... ok
test command_database_config_tests::migration_identity_rejects_incoming_console_app_membership_edge ... ok
test command_database_config_tests::migration_identity_rejects_membership_and_definer_drift ... ok
test command_database_config_tests::serving_identity_query_checks_all_memberships_and_role_attributes ... ok
test command_database_config_tests::serving_identity_rejects_outgoing_or_incoming_membership_edges ... ok
test command_database_config_tests::serving_role_guards_reject_each_escalating_attribute ... ok
test command_database_config_tests::serving_timeout_guards_accept_only_exact_effective_defaults ... ok
test command_database_config_tests::worker_and_migrate_do_not_require_leave_command_database_url ... ok
test command_database_config_tests::worker_requires_exact_runtime_login_but_migrate_keeps_owner_url ... ok
test email_config_tests::app_state_with_explicit_stub_mode_allows_nonprod_otp_logging_stub ... ok
test email_config_tests::app_state_without_smtp_or_stub_mode_fails_closed_without_logging_otp ... ok
test email_config_tests::credentials_only_without_relay_fields_errors ... ok
test email_config_tests::creds_present_but_invalid_port_still_errors ... ok
test email_config_tests::creds_present_but_missing_from_still_errors ... ok
test email_config_tests::creds_present_but_missing_host_still_errors ... ok
test email_config_tests::creds_present_but_missing_port_still_errors ... ok
test email_config_tests::email_stub_mode_env_accepts_only_explicit_non_production_modes ... ok
test email_config_tests::empty_credentials_without_stub_mode_error ... ok
test email_config_tests::every_partial_config_without_credentials_errors_without_stub_mode ... ok
test email_config_tests::fully_set_group_yields_live_config ... ok
test email_config_tests::partial_config_missing_password_without_stub_mode_errors ... ok
test email_config_tests::partial_config_missing_username_with_stub_mode_falls_back_to_stub ... ok
test email_config_tests::partial_config_missing_username_without_stub_mode_errors ... ok
test email_config_tests::unset_group_yields_no_config ... ok
test hr::tests::attendance_import_csv_parses_valid_rows_and_masks_preview_values ... ok
test hr::tests::attendance_import_keeps_invalid_minutes_as_row_error ... ok
test hr::tests::attendance_import_marks_missing_employee_and_duplicate_rows ... ok
test hr::tests::attendance_import_quoted_newline_is_one_source_record ... ok
test hr::tests::attendance_import_rejects_invalid_attendance_time ... ok
test hr::tests::attendance_import_rejects_invalid_work_date ... ok
test hr::tests::attendance_import_rejects_unclosed_csv_quote ... ok
test hr::tests::attendance_import_retains_source_records_and_header_search_budget ... ok
test hr::tests::attendance_input_normalization_bounds_mobile_retry_fields ... ok
test hr::tests::canonical_employee_fields_extract_hr_safe_columns ... ok
test hr::tests::canonical_employee_fields_marks_exited_people_without_deleting_raw_data ... ok
test hr::tests::certified_digest_binds_ordinary_wage_even_when_severance_unchanged ... ok
test hr::tests::certified_package_digest_is_deterministic_and_canonical ... ok
test hr::tests::employee_attendance_state_machine_accepts_mobile_pc_workday_flow ... ok
test hr::tests::employee_attendance_state_machine_rejects_invalid_duplicate_punches ... ok
test hr::tests::employee_identity_resolution_accepts_high_confidence_trusted_strategies ... ok
test hr::tests::employee_identity_resolution_keeps_weak_strategies_review_required ... ok
test hr::tests::employee_identity_resolution_rejects_name_only_and_untrusted_confidence ... ok
test hr::tests::employee_response_serializes_canonical_fields_without_import_provenance ... ok
test hr::tests::exit_confirmation_hq_tier_enforces_state_and_distinct_actor ... ok
test hr::tests::frozen_internal_gate_failure_is_redacted_in_the_rest_response ... ok
test hr::tests::governed_import_detects_schema_header_below_title_rows ... ok
test hr::tests::governed_import_maps_shuffled_alias_headers_without_column_position_assumptions ... ok
test hr::tests::governed_import_preview_preserves_blank_name_rows_and_masks_sensitive_columns ... ok
test hr::tests::home_branch_assignment_fails_closed_without_command_pool ... ok
test hr::tests::home_branch_assignment_requires_org_wide_authority_when_unassigned ... ok
test hr::tests::home_branch_reassignment_requires_authority_over_old_and_new_branch ... ok
test hr::tests::lifecycle_transition_refuses_onboard_and_transfer_when_already_exited ... ok
test hr::tests::missing_name_header_is_a_workbook_error ... ok
test hr::tests::ordinary_daily_wage_multiplies_before_dividing ... ok
test hr::tests::org_wide_hr_authorization_rejects_branch_scoped_principals ... ok
test hr::tests::org_wide_hr_authorization_uses_core_org_wide_gate ... ok
test hr::tests::parses_each_sheet_as_company_and_preserves_extra_columns ... ok
test hr::tests::scoped_hr_authorization_checks_the_complete_scope_without_picking_a_branch ... ok
test hr::tests::standardized_csv_neutralizes_spreadsheet_formulas ... ok
test migration_database_budget_tests::migration_database_budgets_accept_exact_readback ... ok
test migration_database_budget_tests::migration_database_budgets_reject_any_readback_mismatch ... ok
test objects::tests::count_kind_and_resolvable_kinds_stay_in_sync ... ok
test objects::tests::rejects_self_link_and_bad_kinds ... ok
test objects::tests::resolvable_kinds_and_declared_auth_stay_in_sync ... ok
test office::tests::callback_token_round_trips_and_rejects_tamper ... ok
test office::tests::config_token_signs_the_whole_config ... ok
test office::tests::document_key_changes_with_version_and_is_editor_safe ... ok
test office::tests::document_ref_is_trimmed_bounded_and_control_free ... ok
test office::tests::expired_callback_token_is_rejected ... ok
test office::tests::file_type_allowlist_rejects_unknown ... ok
test office::tests::onlyoffice_callback_claims_accept_expiry_within_clock_skew_leeway ... ok
test office::tests::onlyoffice_callback_claims_reject_expired_payload_beyond_leeway ... ok
test office::tests::onlyoffice_callback_claims_verify_from_signed_payload ... ok
test office::tests::same_origin_is_default_port_aware ... ok
test office::tests::same_origin_rejects_same_host_different_port_attack_url ... ok
test office::tests::same_origin_rejects_scheme_and_host_mismatch ... ok
test production_route_surface_tests::production_execution_routes_are_assembled_and_contract_stable ... ok
test projected_dispatch_coverage::the_wired_registry_resolves_every_canonical_dispatch_target ... ok
test router_layer_tests::default_request_timeout_is_thirty_seconds ... ok
test router_layer_tests::domain_route_inside_timeout_is_shed_when_slow ... ok
test router_layer_tests::realtime_route_merged_outside_timeout_is_never_shed ... ok
test trusted_ingress_tests::ingress_accepts_only_a_complete_trusted_proxy_suffix ... ok
test trusted_ingress_tests::ingress_falls_back_to_transport_peer_for_raw_or_short_xff ... ok
test trusted_ingress_tests::ingress_rejects_an_untrusted_configured_proxy_suffix ... ok
test trusted_ingress_tests::ingress_rejects_direct_client_xff_spoofing_even_with_proxy_hops_configured ... ok
test trusted_ingress_tests::proxy_forwarding_is_disabled_by_default_and_requires_a_trusted_peer_cidr ... ok
test wide_event_middleware_tests::http_metrics_label_matched_route_template_not_raw_path ... ok
test wide_event_middleware_tests::http_metrics_label_unmatched_route_sentinel_not_raw_path ... ok
test workbench::tests::defaults_to_the_kst_calendar_day ... ok
test workbench::tests::explicit_branch_must_intersect_effective_scope ... ok
test workbench::tests::one_request_instant_drives_both_kst_default_range_and_as_of_at_rollover ... ok
test workbench::tests::rejects_unknown_one_sided_malformed_and_overlong_queries ... ok
test workbench::tests::workbench_errors_match_the_standard_error_body_contract ... ok
test worker_identity_tests::dispatch_worker_name_falls_back_to_service_name_outside_kubernetes ... ok
test worker_identity_tests::dispatch_worker_name_ignores_empty_hostname ... ok
test worker_identity_tests::dispatch_worker_name_includes_pod_hostname_when_present ... ok
test worker_identity_tests::dispatch_worker_name_uses_default_service_for_empty_service_name ... ok
test workflow_object_context::tests::nullable_ticket_is_never_visible_to_a_branch_scoped_principal ... ok
test workflow_object_context::tests::query_is_closed_and_bounded ... ok
test workflow_object_context::tests::routed_authority_is_resolved_against_the_subject_branch ... ok
test workflow_object_context::tests::scoped_custom_grant_cannot_cross_from_branch_a_to_b ... ok
test workflow_schedules::tests::garbage_cron_is_rejected ... ok
test workflow_schedules::tests::next_occurrence_is_strictly_after ... ok
test workflow_schedules::tests::next_occurrences_respects_kst ... ok
test workflow_schedules::tests::unknown_timezone_is_rejected ... ok
test workflow_schedules::tests::valid_cron_parses ... ok
test workflow_schedules::tests::weekly_pattern_lands_on_monday_kst ... ok
test workflow_studio::tests::accepts_leave_and_catalog_canonical_workflow_templates ... ok
test workflow_studio::tests::active_definition_is_editable_as_a_staged_revision ... ok
test workflow_studio::tests::all_approval_template_builder_outputs_validate ... ok
test workflow_studio::tests::allowlist_rejects_unknown_connector_actions ... ok
test workflow_studio::tests::catalog_uses_electronic_approval_system_name_for_internal_approvals_connector ... ok
test workflow_studio::tests::completion_approval_payroll_execution_graph_validates ... ok
test workflow_studio::tests::create_rejects_browser_defined_object_scope_and_update_handles ... ok
test workflow_studio::tests::create_rejects_invalid_canonical_workflow_graphs ... ok
test workflow_studio::tests::create_rejects_unsafe_condition_branch_config ... ok
test workflow_studio::tests::definition_schema_version_is_required ... ok
test workflow_studio::tests::definition_schema_version_must_match_supported_version ... ok
test workflow_studio::tests::definition_with_pending_revision_is_not_editable ... ok
test workflow_studio::tests::draft_update_merges_partial_payload_without_mutating_identity ... ok
test workflow_studio::tests::draft_update_rejects_empty_payload ... ok
test workflow_studio::tests::execution_graph_accepts_guardrail_control_point_nodes ... ok
test workflow_studio::tests::execution_graph_job_node_requires_allowlisted_connector ... ok
test workflow_studio::tests::human_task_without_required_policy_fails_authoring ... ok
test workflow_studio::tests::job_node_without_start_policy_fails_authoring ... ok
test workflow_studio::tests::oversize_run_payload_is_rejected ... ok
test workflow_studio::tests::policy_decision_blocks_unsupported_templates ... ok
test workflow_studio::tests::policy_decision_metadata_requires_valid_schema ... ok
test workflow_studio::tests::policy_decision_missing_scope_blocks_publish ... ok
test workflow_studio::tests::policy_decision_simulation_surfaces_cedar_pbac_tuple ... ok
test workflow_studio::tests::policy_less_task_has_no_authorization_boundary ... ok
test workflow_studio::tests::publish_validation_blocks_invalid_canonical_workflow_graphs ... ok
test workflow_studio::tests::publish_validation_messages_hide_action_allowlist_payload_values ... ok
test workflow_studio::tests::publish_validation_messages_include_stable_codes ... ok
test workflow_studio::tests::receipt_required_approval_definition_includes_receipt_waiting_node ... ok
test workflow_studio::tests::required_lines_block_publish ... ok
test workflow_studio::tests::retired_definition_is_not_editable ... ok
test workflow_studio::tests::retired_definitions_cannot_take_sensitive_lifecycle_actions ... ok
test workflow_studio::tests::simulation_surfaces_non_blocking_findings ... ok

failures:

---- audit_chain_signer::tests::http_custody_transport_signs_via_loopback_stub stdout ----

thread 'audit_chain_signer::tests::http_custody_transport_signs_via_loopback_stub' (129718122) panicked at app/src/audit_chain_signer.rs:420:57:
called `Result::unwrap()` on an `Err` value: Os { code: 1, kind: PermissionDenied, message: "Operation not permitted" }
note: run with `RUST_BACKTRACE=1` environment variable to display a backtrace


failures:
    audit_chain_signer::tests::http_custody_transport_signs_via_loopback_stub

test result: FAILED. 167 passed; 1 failed; 0 ignored; 0 measured; 0 filtered out; finished in 2.55s

