ai_assist_action_constructors_are_absent_from_landable_http_surfaces: test
app_does_not_wire_intelligence_draft_dispatch_or_depend_on_the_seam_crate: test
audit_attestation_route_is_in_configured_inventory: test
bounded_generated_sections_reject_later_operation_or_enum_text: test
bounded_generated_sections_reject_missing_end_boundary: test
browser_session_contract_is_handle_only_and_matches_dedicated_owner_routes: test
configured_route_inventory_covers_router_route_calls: test
configured_route_inventory_includes_each_configured_surface: test
intelligence_and_chat_http_surfaces_are_absent: test
internal_intelligence_bind_is_forbidden: test
issued_browser_payslip_contract_matches_read_only_owner_routes: test
openapi_documents_closed_inventory_movement_source_variants: test
openapi_documents_closed_month_as_year_month_not_calendar_date: test
openapi_documents_evidence_register_snapshot_and_evidentiary_contract: test
openapi_documents_hr_attendance_branch_scope_query: test
openapi_documents_native_discoverable_passkey_modes: test
openapi_yaml_covers_configured_route_inventory: test
openapi_yaml_covers_platform_route_operations: test
platform_route_operation_gate_rejects_missing_contract_entry: test
storefront_inquiry_contract_documents_the_reachable_conflict: test

20 tests, 0 benchmarks
