admin_credential_reset_recovers_in_branch_subordinate: test
admin_issue_otp_allows_in_branch_subordinate: test
admin_issue_otp_rejects_cross_branch_target: test
admin_issue_otp_rejects_non_admin: test
admin_issue_otp_rejects_privileged_target: test
approve_session_rejects_access_token_expired_during_family_lock: test
approve_session_rejects_generic_desktop_handoff_without_target: test
body_mode_without_header_is_unchanged_and_sets_no_cookie: test
browser_sessions::account_and_company_fk_holders_refuse_removal_without_clearing_browser_proof: test
browser_sessions::actual_0240_populated_upgrade_preserves_native_identity_and_sessions: test
browser_sessions::both_removal_owners_leave_browser_row_unlocked_while_waiting_for_account: test
browser_sessions::browser_context_link_count_and_rows_share_a_witnessed_snapshot: test
browser_sessions::browser_context_substitution_unknown_and_noncanonical_handles_deny_without_effect: test
browser_sessions::browser_family_and_login_audit_failures_roll_back_the_exact_signed_assertion: test
browser_sessions::browser_history_context_is_own_only_and_preserves_old_wire_contract: test
browser_sessions::browser_history_pagination_has_exact_native_integer_bounds_without_effects: test
browser_sessions::browser_ingress_configuration_and_debug_never_expose_service_credentials: test
browser_sessions::browser_ingress_gate_requires_single_canonical_key_and_verified_hop: test
browser_sessions::browser_login_binds_original_proof_and_parallel_resolution_never_rotates: test
browser_sessions::browser_logout_closes_only_bound_family_and_reconciles_idempotently: test
browser_sessions::browser_logout_review::cleanup_isolates_company_failure_then_retries_without_starving_other_custody: test
browser_sessions::browser_logout_review::closed_mapping_without_family_or_owner_removal_cannot_certify_retry: test
browser_sessions::browser_logout_review::recovered_family_logout_audit_failure_rolls_back_then_reconciles_once: test
browser_sessions::browser_mapping_is_force_rls_company_scoped_with_narrow_locator_only: test
browser_sessions::browser_payslips::issued_payslips_are_recipient_company_and_kind_scoped_without_read_effects: test
browser_sessions::browser_payslips::malformed_issued_artifacts_fail_unavailable_without_successful_null_projection: test
browser_sessions::browser_start_is_bodyless_explicit_and_shares_legacy_limits: test
browser_sessions::browser_storage_function_catalog_preserves_builtin_signatures_and_restricted_grants: test
browser_sessions::changed_current_account_role_generation_and_company_each_deny_original_browser_proof: test
browser_sessions::cleared_proof_and_terminal_browser_state_cannot_be_restored: test
browser_sessions::committed_account_set_or_status_drift_aborts_removal_without_browser_effects: test
browser_sessions::consumed_native_assertion_and_bearer_otp_or_refresh_cannot_convert_to_browser_session: test
browser_sessions::deferred_mapping_commit_failure_does_not_consume_or_publish_the_assertion: test
browser_sessions::denied_removal_and_late_company_audit_failure_preserve_browser_proof: test
browser_sessions::encrypted_proof_or_metadata_tampering_is_denied_without_reminting_authority: test
browser_sessions::expired_proof_cleanup_enforces_scope_bound_and_preserves_reconciliation: test
browser_sessions::failed_browser_login_rolls_back_before_waiting_credential_reset_commits: test
browser_sessions::failed_guarded_removal_restores_custody_before_waiting_logout_commits: test
browser_sessions::failed_logout_audit_preserves_live_family_and_exact_retry_can_close_it: test
browser_sessions::forged_owner_removal_cannot_clear_live_browser_custody: test
browser_sessions::guarded_removal_with_actual_device_data_preserves_exact_browser_custody: test
browser_sessions::insert_scope_is_checked_while_exact_verified_mapping_is_still_eligible: test
browser_sessions::logout_waits_for_account_without_holding_browser_row_and_preserves_later_family: test
browser_sessions::malformed_browser_signature_preserves_custody_and_original_assertion: test
browser_sessions::mapping_insert_failure_rolls_back_proof_counter_family_tokens_and_audits: test
browser_sessions::missing_family_without_owner_removal_cannot_certify_logout: test
browser_sessions::missing_malformed_and_replaced_browser_key_never_weaken_original_native_login: test
browser_sessions::native_browser_routes_never_take_authority_from_ambient_cookie_or_bearer: test
browser_sessions::original_short_family_deadline_expires_during_lookup_wait_without_sliding: test
browser_sessions::r7_native_additions::browser_invalid_sql_proof_shapes_roll_back_genuine_login_without_constraint_bypass: test
browser_sessions::r7_native_additions::browser_large_current_branch_proof_is_read_without_jwt_http_transport: test
browser_sessions::r7_native_additions::browser_native_body_caps_and_closed_routes_preserve_owner_effects: test
browser_sessions::r7_native_additions::browser_native_proof_matches_independent_aad_and_standard_aes_vectors: test
browser_sessions::r7_native_additions::browser_nearest_signed_cap_rolls_back_atomically_without_changing_legacy_cap: test
browser_sessions::r7_native_additions::browser_sql_insert_binds_discoverable_outcome_account_company_and_source: test
browser_sessions::r7_native_additions::browser_sql_insert_requires_fresh_ceremony_and_family_in_one_transaction: test
browser_sessions::r7_native_additions::browser_valid_aead_wrong_signed_claims_are_denied_without_effect: test
browser_sessions::r7_request_context_additions::browser_hr_owner_keeps_actual_request_context_and_distinct_auth_method: test
browser_sessions::real_session_survives_as_token_free_terminal_evidence_after_direct_and_company_removal: test
browser_sessions::real_worker_boot_prerequisites_are_independent_of_new_browser_routes: test
browser_sessions::real_workers_clear_expired_proof_without_root_locks_and_recover_after_crash: test
browser_sessions::recovery_revokes_browser_family_without_revoking_another_person: test
browser_sessions::removed_exact_passkey_denies_browser_access_but_preserves_logout_identity: test
browser_sessions::resident_authenticator::failed_close_is_cached_without_restarting_cleanup_and_normal_drop_stays_failing: test
browser_sessions::resident_authenticator::injected_reader_setup_failure_preserves_constructor_error_and_resource_custody: test
browser_sessions::resident_authenticator::injected_stderr_setup_failure_preserves_constructor_error_and_resource_custody: test
browser_sessions::resident_authenticator::injected_writer_setup_failure_preserves_constructor_error_and_resource_custody: test
browser_sessions::resident_fixture_preserves_real_native_login_and_exact_family_logout: test
browser_sessions::same_source_uuid_reinsert_does_not_renew_a_recorded_removed_browser_credential: test
browser_sessions::scoped_close_checks_eligible_rows_and_every_token_before_monotonic_closure: test
browser_sessions::scoped_read_and_lock_reject_hostile_temporary_objects_and_exact_pair_substitutions: test
browser_sessions::scoped_storage_functions_cannot_forge_closure_or_clear_active_proof: test
browser_sessions::successful_company_removal_audits_exclude_browser_proof_and_handle_material: test
browser_sessions::unlinked_and_out_of_range_browser_history_are_real_distinct_states: test
browser_sessions::witnessed_fresh_login_and_old_family_logout_preserve_independent_families: test
browser_sessions::witnessed_login_and_guarded_active_company_removal_preserve_exact_terminal_custody: test
browser_sessions::witnessed_login_reset_winners_never_leave_pre_reset_browser_authority: test
browser_sessions::witnessed_logout_and_both_company_removal_winners_preserve_terminal_outcomes: test
cookie_mode_login_then_refresh_reads_and_rotates_cookie: test
cookie_mode_redeem_sets_httponly_cookie_and_omits_body_refresh: test
cookie_mode_refresh_allows_rapid_navigation_burst_with_device_id: test
device_login_failures_preserve_proof_and_poll_permit: test
existing_passkey_addition_succeeds_without_open_bootstrap: test
financial_purchase_sensitive_actions_require_fresh_passkey_step_up: test
first_passkey_enrollment_requires_privacy_terms: test
first_passkey_registration_rejects_replaced_source_after_refresh: test
first_passkey_registration_rejects_revoked_bootstrap_after_start: test
genuine_browser::genuine_browser_discoverable_enrollment_requires_two_native_logins: test
genuine_browser::genuine_browser_enrollment_preserves_native_options_and_owned_effects: test
genuine_browser::genuine_browser_failed_native_phase_is_preserved_after_confirmed_cleanup: test
genuine_browser::genuine_production_browser_proposal_requires_all_seventeen_scenarios: test
genuine_browser::native_explicit_login_is_bodyless_and_shares_conditional_limits: test
genuine_browser::native_registration_opt_in_preserves_legacy_options_and_authority: test
mobile_bound_step_up_start_gates_mobile_approval_and_poll_vote: test
otp_enrollment_session_cannot_create_business_work: test
otp_family_cannot_gain_business_authority_after_passkey_registration: test
otp_first_signin_then_passkey_enrollment_then_usernameless_login: test
otp_is_consumed_on_passkey_registration_not_on_redeem: test
otp_redeem_rate_limit_wires_up_on_real_clock_path: test
passkey_login_session_issue_failure_preserves_signed_proof: test
platform_admin_can_approve_and_consume_bound_device_handoff: test
purpose::classification_lookup_failure_fails_closed_and_restores_without_promotion: test
purpose::dormant_v1_enrollment_command_cannot_release_http_authority: test
purpose::dormant_v1_normal_family_is_denied_by_both_admission_paths: test
purpose::enrollment_qr_requires_signed_approval_to_create_business_session: test
purpose::group_mint_and_preminted_actor_use_original_home_family: test
purpose::mismatched_marker_cannot_disappear_from_admission: test
purpose::otp_admin_and_mobile_step_up_denials_have_no_effect: test
purpose::otp_cannot_delete_own_credential_even_with_key_present: test
purpose::platform_enrollment_and_realtime_keep_ordinary_purpose_boundary: test
purpose::retained_marker_denies_consumed_expired_revoked_and_missing_source: test
purpose::session_approval_rechecks_classification_after_account_lock_wait: test
purpose::worker_attendance_requires_fresh_login_and_replays_without_effects: test
refresh_keeps_zero_passkey_user_in_setup_mode_until_enrolled: test
refresh_signing_failure_does_not_commit_undelivered_replacement: test
registration_rechecks_revoked_family_after_account_wait: test
registration_start_rechecks_expired_bearer_after_account_wait: test
replaced_otp_family_cannot_create_business_work: test
reset_sessions::family_storage_failure_rolls_back_reset: test
reset_sessions::ordinary_otp_issue_and_self_handoff_do_not_revoke_established_sessions: test
reset_sessions::otp_audit_and_deferred_commit_failure_roll_back_sessions_and_keys: test
reset_sessions::reset_first_blocks_refresh_and_prevents_replacement: test
reset_sessions::reset_revokes_signed_sessions_and_all_tokens_without_cross_account_effects: test
reset_sessions::reset_with_no_keys_preserves_prior_revocation_and_sweeps_token_residue: test
reset_sessions::reset_wrong_company_missing_and_inactive_targets_have_no_effects: test
reset_sessions::rotation_first_replacement_is_revoked_by_waiting_reset: test
reset_sessions::token_storage_failure_rolls_back_reset: test

127 tests, 0 benchmarks
