
running 127 tests
test admin_credential_reset_recovers_in_branch_subordinate ... ok
test admin_issue_otp_allows_in_branch_subordinate ... ok
test admin_issue_otp_rejects_cross_branch_target ... ok
test admin_issue_otp_rejects_non_admin ... ok
test admin_issue_otp_rejects_privileged_target ... ok
test approve_session_rejects_access_token_expired_during_family_lock ... ok
test approve_session_rejects_generic_desktop_handoff_without_target ... ok
test body_mode_without_header_is_unchanged_and_sets_no_cookie ... ok
test browser_sessions::account_and_company_fk_holders_refuse_removal_without_clearing_browser_proof ... ok
test browser_sessions::actual_0240_populated_upgrade_preserves_native_identity_and_sessions ... ok
test browser_sessions::both_removal_owners_leave_browser_row_unlocked_while_waiting_for_account ... ok
test browser_sessions::browser_context_link_count_and_rows_share_a_witnessed_snapshot ... ok
test browser_sessions::browser_context_substitution_unknown_and_noncanonical_handles_deny_without_effect ... ok
test browser_sessions::browser_family_and_login_audit_failures_roll_back_the_exact_signed_assertion ... ok
test browser_sessions::browser_history_context_is_own_only_and_preserves_old_wire_contract ... ok
test browser_sessions::browser_history_pagination_has_exact_native_integer_bounds_without_effects ... ok
test browser_sessions::browser_ingress_configuration_and_debug_never_expose_service_credentials ... ok
test browser_sessions::browser_ingress_gate_requires_single_canonical_key_and_verified_hop ... ok
test browser_sessions::browser_login_binds_original_proof_and_parallel_resolution_never_rotates ... ok
test browser_sessions::browser_logout_closes_only_bound_family_and_reconciles_idempotently ... ok
test browser_sessions::browser_logout_review::cleanup_isolates_company_failure_then_retries_without_starving_other_custody ... ok
test browser_sessions::browser_logout_review::closed_mapping_without_family_or_owner_removal_cannot_certify_retry ... ok
test browser_sessions::browser_logout_review::recovered_family_logout_audit_failure_rolls_back_then_reconciles_once ... ok
test browser_sessions::browser_mapping_is_force_rls_company_scoped_with_narrow_locator_only ... ok
test browser_sessions::browser_payslips::issued_payslips_are_recipient_company_and_kind_scoped_without_read_effects ... ok
test browser_sessions::browser_payslips::malformed_issued_artifacts_fail_unavailable_without_successful_null_projection ... ok
test browser_sessions::browser_start_is_bodyless_explicit_and_shares_legacy_limits ... ok
test browser_sessions::browser_storage_function_catalog_preserves_builtin_signatures_and_restricted_grants ... ok
test browser_sessions::changed_current_account_role_generation_and_company_each_deny_original_browser_proof ... ok
test browser_sessions::cleared_proof_and_terminal_browser_state_cannot_be_restored ... ok
test browser_sessions::committed_account_set_or_status_drift_aborts_removal_without_browser_effects ... ok
test browser_sessions::consumed_native_assertion_and_bearer_otp_or_refresh_cannot_convert_to_browser_session ... ok
test browser_sessions::deferred_mapping_commit_failure_does_not_consume_or_publish_the_assertion ... ok
test browser_sessions::denied_removal_and_late_company_audit_failure_preserve_browser_proof ... ok
test browser_sessions::encrypted_proof_or_metadata_tampering_is_denied_without_reminting_authority ... ok
test browser_sessions::expired_proof_cleanup_enforces_scope_bound_and_preserves_reconciliation ... ok
test browser_sessions::failed_browser_login_rolls_back_before_waiting_credential_reset_commits ... ok
test browser_sessions::failed_guarded_removal_restores_custody_before_waiting_logout_commits ... ok
test browser_sessions::failed_logout_audit_preserves_live_family_and_exact_retry_can_close_it ... ok
test browser_sessions::forged_owner_removal_cannot_clear_live_browser_custody ... ok
test browser_sessions::guarded_removal_with_actual_device_data_preserves_exact_browser_custody ... ok
test browser_sessions::insert_scope_is_checked_while_exact_verified_mapping_is_still_eligible ... ok
test browser_sessions::logout_waits_for_account_without_holding_browser_row_and_preserves_later_family ... ok
test browser_sessions::malformed_browser_signature_preserves_custody_and_original_assertion ... ok
test browser_sessions::mapping_insert_failure_rolls_back_proof_counter_family_tokens_and_audits ... ok
test browser_sessions::missing_family_without_owner_removal_cannot_certify_logout ... ok
test browser_sessions::missing_malformed_and_replaced_browser_key_never_weaken_original_native_login ... ok
test browser_sessions::native_browser_routes_never_take_authority_from_ambient_cookie_or_bearer ... ok
test browser_sessions::original_short_family_deadline_expires_during_lookup_wait_without_sliding ... ok
test browser_sessions::r7_native_additions::browser_invalid_sql_proof_shapes_roll_back_genuine_login_without_constraint_bypass ... ok
test browser_sessions::r7_native_additions::browser_large_current_branch_proof_is_read_without_jwt_http_transport ... ok
test browser_sessions::r7_native_additions::browser_native_body_caps_and_closed_routes_preserve_owner_effects ... ok
test browser_sessions::r7_native_additions::browser_native_proof_matches_independent_aad_and_standard_aes_vectors ... ok
test browser_sessions::r7_native_additions::browser_nearest_signed_cap_rolls_back_atomically_without_changing_legacy_cap ... ok
test browser_sessions::r7_native_additions::browser_sql_insert_binds_discoverable_outcome_account_company_and_source ... ok
test browser_sessions::r7_native_additions::browser_sql_insert_requires_fresh_ceremony_and_family_in_one_transaction ... ok
test browser_sessions::r7_native_additions::browser_valid_aead_wrong_signed_claims_are_denied_without_effect ... ok
test browser_sessions::r7_request_context_additions::browser_hr_owner_keeps_actual_request_context_and_distinct_auth_method ... ok
test browser_sessions::real_session_survives_as_token_free_terminal_evidence_after_direct_and_company_removal ... ok
test browser_sessions::real_worker_boot_prerequisites_are_independent_of_new_browser_routes ... ok
test browser_sessions::real_workers_clear_expired_proof_without_root_locks_and_recover_after_crash ... ok
test browser_sessions::recovery_revokes_browser_family_without_revoking_another_person ... ok
test browser_sessions::removed_exact_passkey_denies_browser_access_but_preserves_logout_identity ... ok
test browser_sessions::resident_authenticator::failed_close_is_cached_without_restarting_cleanup_and_normal_drop_stays_failing ... RESIDENT_CLEANUP_FAILURE reason=infrastructure: resident stdout closed exit_status=Some(ExitStatus(unix_wait_status(512))) stderr_bytes=0 sent_before=0 checked_frames_before=1 sent=0 checked_frames=1 done=false failed=true panicking=false owner_age_ms=529 ceremony_idle_ms=None constructing=false forced=false node_reaped=true workers_settled=true
RESIDENT_CACHED_FAILURE_PROBE real_node_reaped=true created_workers_joined_successfully=true forced=false phase_deadlines_exceeded=false cleanup_attempts=1 repeated_error_preserved=true normal_drop_expected_panic=true browser_custody=UNKNOWN
ok
test browser_sessions::resident_authenticator::injected_reader_setup_failure_preserves_constructor_error_and_resource_custody ... RESIDENT_CLEANUP_FAILURE reason=infrastructure: resident startup workers incomplete exit_status=Some(ExitStatus(unix_wait_status(768))) stderr_bytes=0 sent_before=0 checked_frames_before=0 sent=0 checked_frames=0 done=false failed=true panicking=false owner_age_ms=3 ceremony_idle_ms=None constructing=true forced=false node_reaped=true workers_settled=true
infrastructure: resident startup workers incomplete
RESIDENT_STARTUP_PROBE fault=Reader simulated_setup_error=true node_reaped=true created_workers_joined_successfully=true forced=false phase_deadlines_exceeded=false browser_custody=UNKNOWN
ok
test browser_sessions::resident_authenticator::injected_stderr_setup_failure_preserves_constructor_error_and_resource_custody ... RESIDENT_CLEANUP_FAILURE reason=infrastructure: resident startup workers incomplete exit_status=Some(ExitStatus(unix_wait_status(768))) stderr_bytes=0 sent_before=0 checked_frames_before=0 sent=0 checked_frames=0 done=false failed=true panicking=false owner_age_ms=2 ceremony_idle_ms=None constructing=true forced=false node_reaped=true workers_settled=true
infrastructure: resident startup workers incomplete
RESIDENT_STARTUP_PROBE fault=Stderr simulated_setup_error=true node_reaped=true created_workers_joined_successfully=true forced=false phase_deadlines_exceeded=false browser_custody=UNKNOWN
ok
test browser_sessions::resident_authenticator::injected_writer_setup_failure_preserves_constructor_error_and_resource_custody ... RESIDENT_CLEANUP_FAILURE reason=infrastructure: resident startup workers incomplete exit_status=Some(ExitStatus(unix_wait_status(768))) stderr_bytes=0 sent_before=0 checked_frames_before=0 sent=0 checked_frames=0 done=false failed=true panicking=false owner_age_ms=3 ceremony_idle_ms=None constructing=true forced=false node_reaped=true workers_settled=true
infrastructure: resident startup workers incomplete
RESIDENT_STARTUP_PROBE fault=Writer simulated_setup_error=true node_reaped=true created_workers_joined_successfully=true forced=false phase_deadlines_exceeded=false browser_custody=UNKNOWN
ok
test browser_sessions::resident_fixture_preserves_real_native_login_and_exact_family_logout ... ok
test browser_sessions::same_source_uuid_reinsert_does_not_renew_a_recorded_removed_browser_credential ... ok
test browser_sessions::scoped_close_checks_eligible_rows_and_every_token_before_monotonic_closure ... ok
test browser_sessions::scoped_read_and_lock_reject_hostile_temporary_objects_and_exact_pair_substitutions ... ok
test browser_sessions::scoped_storage_functions_cannot_forge_closure_or_clear_active_proof ... ok
test browser_sessions::successful_company_removal_audits_exclude_browser_proof_and_handle_material ... ok
test browser_sessions::unlinked_and_out_of_range_browser_history_are_real_distinct_states ... ok
test browser_sessions::witnessed_fresh_login_and_old_family_logout_preserve_independent_families ... ok
test browser_sessions::witnessed_login_and_guarded_active_company_removal_preserve_exact_terminal_custody ... ok
test browser_sessions::witnessed_login_reset_winners_never_leave_pre_reset_browser_authority ... ok
test browser_sessions::witnessed_logout_and_both_company_removal_winners_preserve_terminal_outcomes ... ok
test cookie_mode_login_then_refresh_reads_and_rotates_cookie ... ok
test cookie_mode_redeem_sets_httponly_cookie_and_omits_body_refresh ... ok
test cookie_mode_refresh_allows_rapid_navigation_burst_with_device_id ... ok
test device_login_failures_preserve_proof_and_poll_permit ... ok
test existing_passkey_addition_succeeds_without_open_bootstrap ... ok
test financial_purchase_sensitive_actions_require_fresh_passkey_step_up ... ok
test first_passkey_enrollment_requires_privacy_terms ... ok
test first_passkey_registration_rejects_replaced_source_after_refresh ... ok
test first_passkey_registration_rejects_revoked_bootstrap_after_start ... ok
test genuine_browser::genuine_browser_discoverable_enrollment_requires_two_native_logins ... ok
test genuine_browser::genuine_browser_enrollment_preserves_native_options_and_owned_effects ... ok
test genuine_browser::genuine_browser_failed_native_phase_is_preserved_after_confirmed_cleanup ... ok
test genuine_browser::genuine_production_browser_proposal_requires_all_seventeen_scenarios ... ok
test genuine_browser::native_explicit_login_is_bodyless_and_shares_conditional_limits ... ok
test genuine_browser::native_registration_opt_in_preserves_legacy_options_and_authority ... ok
test mobile_bound_step_up_start_gates_mobile_approval_and_poll_vote ... ok
test otp_enrollment_session_cannot_create_business_work ... ok
test otp_family_cannot_gain_business_authority_after_passkey_registration ... ok
test otp_first_signin_then_passkey_enrollment_then_usernameless_login ... ok
test otp_is_consumed_on_passkey_registration_not_on_redeem ... ok
test otp_redeem_rate_limit_wires_up_on_real_clock_path ... ok
test passkey_login_session_issue_failure_preserves_signed_proof ... ok
test platform_admin_can_approve_and_consume_bound_device_handoff ... ok
test purpose::classification_lookup_failure_fails_closed_and_restores_without_promotion ... ok
test purpose::dormant_v1_enrollment_command_cannot_release_http_authority ... ok
test purpose::dormant_v1_normal_family_is_denied_by_both_admission_paths ... ok
test purpose::enrollment_qr_requires_signed_approval_to_create_business_session ... ok
test purpose::group_mint_and_preminted_actor_use_original_home_family ... ok
test purpose::mismatched_marker_cannot_disappear_from_admission ... ok
test purpose::otp_admin_and_mobile_step_up_denials_have_no_effect ... ok
test purpose::otp_cannot_delete_own_credential_even_with_key_present ... ok
test purpose::platform_enrollment_and_realtime_keep_ordinary_purpose_boundary ... ok
test purpose::retained_marker_denies_consumed_expired_revoked_and_missing_source ... ok
test purpose::session_approval_rechecks_classification_after_account_lock_wait ... ok
test purpose::worker_attendance_requires_fresh_login_and_replays_without_effects ... ok
test refresh_keeps_zero_passkey_user_in_setup_mode_until_enrolled ... ok
test refresh_signing_failure_does_not_commit_undelivered_replacement ... ok
test registration_rechecks_revoked_family_after_account_wait ... ok
test registration_start_rechecks_expired_bearer_after_account_wait ... ok
test replaced_otp_family_cannot_create_business_work ... ok
test reset_sessions::family_storage_failure_rolls_back_reset ... ok
test reset_sessions::ordinary_otp_issue_and_self_handoff_do_not_revoke_established_sessions ... ok
test reset_sessions::otp_audit_and_deferred_commit_failure_roll_back_sessions_and_keys ... ok
test reset_sessions::reset_first_blocks_refresh_and_prevents_replacement ... ok
test reset_sessions::reset_revokes_signed_sessions_and_all_tokens_without_cross_account_effects ... ok
test reset_sessions::reset_with_no_keys_preserves_prior_revocation_and_sweeps_token_residue ... ok
test reset_sessions::reset_wrong_company_missing_and_inactive_targets_have_no_effects ... ok
test reset_sessions::rotation_first_replacement_is_revoked_by_waiting_reset ... ok
test reset_sessions::token_storage_failure_rolls_back_reset ... ok

successes:

---- browser_sessions::r7_native_additions::browser_nearest_signed_cap_rolls_back_atomically_without_changing_legacy_cap stdout ----
r7_signed_cap below_name_bytes=785861 below_jwt_bytes=1048576 above_name_bytes=785862 above_jwt_bytes=1048578

---- browser_sessions::resident_authenticator::failed_close_is_cached_without_restarting_cleanup_and_normal_drop_stays_failing stdout ----

thread 'browser_sessions::resident_authenticator::failed_close_is_cached_without_restarting_cleanup_and_normal_drop_stays_failing' (130349543) panicked at app/tests/auth_rest/resident_authenticator.rs:687:17:
infrastructure: resident stdout closed
note: run with `RUST_BACKTRACE=1` environment variable to display a backtrace

---- genuine_browser::genuine_browser_discoverable_enrollment_requires_two_native_logins stdout ----
NATIVE_DISCOVERABLE_SIGNIN [{"actor":"a","native_registration":"accepted","requested_resident_key":"required","browser_cred_props_rk":true,"authenticator_is_resident":true,"browser_environment":{"secure_context":true,"document_has_focus":true,"visibility_state":"visible","conditional_mediation_available":true},"requested_require_resident_key":true,"usernameless_login":"assertion","scope":"Strict native new-key prerequisite on production RP origin; not product sign-in acceptance"},{"actor":"b","native_registration":"accepted","requested_resident_key":"required","browser_cred_props_rk":true,"authenticator_is_resident":true,"browser_environment":{"secure_context":true,"document_has_focus":true,"visibility_state":"visible","conditional_mediation_available":true},"requested_require_resident_key":true,"usernameless_login":"assertion","scope":"Strict native new-key prerequisite on production RP origin; not product sign-in acceptance"}]

---- genuine_browser::genuine_browser_enrollment_preserves_native_options_and_owned_effects stdout ----
NATIVE_BROWSER_ENROLLMENT [{"actor":"a","native_registration":"accepted","requested_resident_key":"discouraged","browser_cred_props_rk":null,"authenticator_is_resident":false,"browser_environment":{"secure_context":true,"document_has_focus":true,"visibility_state":"visible","conditional_mediation_available":true},"requested_require_resident_key":false,"usernameless_login":"NotAllowedError","scope":"Exact-options diagnostic on not-found RP origin; not product sign-in acceptance"},{"actor":"b","native_registration":"accepted","requested_resident_key":"discouraged","browser_cred_props_rk":null,"authenticator_is_resident":false,"browser_environment":{"secure_context":true,"document_has_focus":true,"visibility_state":"visible","conditional_mediation_available":true},"requested_require_resident_key":false,"usernameless_login":"NotAllowedError","scope":"Exact-options diagnostic on not-found RP origin; not product sign-in acceptance"}]

---- genuine_browser::genuine_browser_failed_native_phase_is_preserved_after_confirmed_cleanup stdout ----
NATIVE_BROWSER_FAILURE fixture: injected native-phase interruption checked_frames=3

---- genuine_browser::genuine_production_browser_proposal_requires_all_seventeen_scenarios stdout ----
PRODUCT_BROWSER_SCENARIOS {"v":1,"seq":598,"kind":"report","discovered":17,"executed":17,"counts":{"passed":17,"failed":0,"unreached":0,"skipped":0},"failure_class":null,"scenarios":[{"id":"P01","name":"runtime/exclusion/launcher/config negatives","status":"passed"},{"id":"P02","name":"two genuine product sign-ins and native family logout","status":"passed"},{"id":"P03","name":"real own-history and issued-payslip pagination, detail, reload and return","status":"passed"},{"id":"P04","name":"responsive keyboard and inaccessible-script recovery","status":"passed"},{"id":"P05","name":"two actual source peers and ingress spoofing negatives","status":"passed"},{"id":"P06","name":"Origin/CSRF/context/duplicate-cookie/body boundaries","status":"passed"},{"id":"P07","name":"eight-preauth/eight-session admission boundaries","status":"passed"},{"id":"P08","name":"independent tabs, stable reads and no context fallback","status":"passed"},{"id":"P09","name":"reversed actual start responses","status":"passed"},{"id":"P10","name":"reversed actual finish/header-arrival responses","status":"passed"},{"id":"P11","name":"reversed logout versus a new independent login","status":"passed"},{"id":"P12","name":"lost committed login result and consumed-assertion handling","status":"passed"},{"id":"P13","name":"lost logout across genuine short-family expiry","status":"passed","checks":[{"id":"lost-result-expired-access","status":"passed","evidence":{"observed":{"kind":"http-failure","status":503},"native_owner_status":204,"actual_cookie_expired":true,"unknown_before_refresh":true,"conservative_absent_after_refresh":true,"same_sender_alive":true,"late_header_claim":false}},{"id":"near-expiry-intact-late-headers","status":"passed","evidence":{"native_owner_status":204,"original_public_status":204,"empty_body":true,"actual_cookie_expired":true,"recovery_document_refreshed":true,"original_request_pending_until_b_cookie":true,"exact_original_generation_headers":true,"same_sender_alive":true,"newer_b_cookie_and_reads_preserved":true}}]},{"id":"P14","name":"current authority, key replacement and cleanup restart","status":"passed"},{"id":"P15","name":"logout Back and witnessed real BFCache restore","status":"passed","checks":[{"id":"ordinary-logout-back","status":"passed","evidence":{"ordinary_back":true,"cached_restore_seen":false}},{"id":"native-revocation-real-bfcache","status":"passed","evidence":{"mode":"normal","blocked_scripts":0,"blocked_styles":0,"transformed_documents":[],"trusted_original_restore":true,"original_document":"5a4bb078-34dd-4d3c-89fe-794a244667bb"}},{"id":"issued-payslip-native-revocation-real-bfcache","status":"passed","evidence":{"mode":"normal","blocked_scripts":0,"blocked_styles":0,"transformed_documents":[],"trusted_original_restore":true,"original_document":"894e87fe-dc11-4171-b18a-3455e68a0720"}}],"measured_guard_sha256":"a1c04481ce25603ade8e8fcd645ec27ff4730b446a4c54d81680b5c2fac76d97","measured_guard_documents":2},{"id":"P16","name":"actual restore before hydration with CSS/React/offline faults","status":"passed","checks":[{"id":"blocked-bundles","status":"passed","evidence":{"mode":"blocked-bundles","blocked_scripts":14,"blocked_styles":0,"transformed_documents":[],"trusted_original_restore":true,"original_document":"349bc35c-7368-4c12-96c4-88281892b502"}},{"id":"blocked-css-bundles","status":"passed","evidence":{"mode":"blocked-css-bundles","blocked_scripts":14,"blocked_styles":3,"transformed_documents":[],"trusted_original_restore":true,"original_document":"b0cf1159-f5e0-4133-8975-47e4c31ce3aa"}},{"id":"delayed-bundles","status":"passed","evidence":{"mode":"delayed-bundles","blocked_scripts":0,"blocked_styles":0,"transformed_documents":[],"delayed_bundle_sha256":["05edb393b20e280e5523d09a1de289b8225b3336fc10b7a8980d6265da416866","50a514868e4e913e186ebce1bbfeb0294466488528a42d14347c4df3cdf94cc3","8dc2c1d71557b434c654ec58acb1441bc0fb200c520ff548f606d88e689ee643","d77ffbf856b56b4ac7a59c41e5cc4e01612e2574ee3ed739adad6eb595a9f1f3","05edb393b20e280e5523d09a1de289b8225b3336fc10b7a8980d6265da416866","50a514868e4e913e186ebce1bbfeb0294466488528a42d14347c4df3cdf94cc3","3ab99aa9c591bc1d526562f14806257e7562759c7476700df26a3aff12964fa6","fdf8e052c44354f91ddea79a5f2627808e024a5cf8e89b4d1f0f6f2e468e5a73","8dc2c1d71557b434c654ec58acb1441bc0fb200c520ff548f606d88e689ee643","d77ffbf856b56b4ac7a59c41e5cc4e01612e2574ee3ed739adad6eb595a9f1f3","422b03fdf9f8309f7e7902b9d1a8867ff9f202aa4a479d12e3c3c19afdcbfcaa","fdf8e052c44354f91ddea79a5f2627808e024a5cf8e89b4d1f0f6f2e468e5a73","05edb393b20e280e5523d09a1de289b8225b3336fc10b7a8980d6265da416866","50a514868e4e913e186ebce1bbfeb0294466488528a42d14347c4df3cdf94cc3","8dc2c1d71557b434c654ec58acb1441bc0fb200c520ff548f606d88e689ee643","d77ffbf856b56b4ac7a59c41e5cc4e01612e2574ee3ed739adad6eb595a9f1f3"],"trusted_original_restore":true,"original_document":"362a4a15-6061-4379-9240-912f518fbfeb"}},{"id":"queued-react-css","status":"passed","evidence":{"mode":"queued-react-css","blocked_scripts":0,"blocked_styles":0,"transformed_documents":[],"queued_ordering_observation":{"stage":"verified-native-denial","native_gate_match":true,"native_context_match":true,"native_status_401":true,"pending":{"original":true,"restored":true,"queued":true,"started":false},"pending_matches_expected":true},"trusted_original_restore":true,"original_document":"d44a2f76-66e9-4ccd-a384-73021ffdf1f7","original_input_observations":[{"kind":"snapshot","sequence":1,"category":"reply-received","configured_budget_ms":20000,"observed_elapsed_ms":7,"elapsed_capped":false,"native_input_completed":true,"valid_original_reply_received":true,"local_deadline_fired":false},{"kind":"release","sequence":2,"category":"reply-received","configured_budget_ms":20000,"observed_elapsed_ms":5,"elapsed_capped":false,"native_input_completed":true,"valid_original_reply_received":true,"local_deadline_fired":false}]}},{"id":"offline","status":"passed","evidence":{"mode":"offline","blocked_scripts":0,"blocked_styles":0,"transformed_documents":[],"trusted_original_restore":true,"original_document":"ea863eb7-c34e-4750-8030-29ea8f9e1fc1"}},{"id":"missing-guard","status":"passed","evidence":{"mode":"missing-guard","blocked_scripts":0,"blocked_styles":0,"transformed_documents":[{"upstream_status":200,"upstream_sha256":"e4d53ce38cd8e1558c66d8ec9296a5682af4683cb6afd50dbe2e50bcb29d9cec","delivered_sha256":"c86b0b7f8db6eb92d3eae19596dbc3d6aef44b543e01d56b1835c6e146b1c4a6","pinned_guard_sha256":"a1c04481ce25603ade8e8fcd645ec27ff4730b446a4c54d81680b5c2fac76d97"}],"trusted_original_restore":true,"original_document":"65072ba4-f096-41ad-aa7b-e2d50b0cb522"}},{"id":"thrown-guard","status":"passed","evidence":{"mode":"thrown-guard","blocked_scripts":0,"blocked_styles":0,"transformed_documents":[{"upstream_status":200,"upstream_sha256":"9963a606fff4b94dd8a3808f366f237c423ecd216c8f85a2f008f66b78e64849","delivered_sha256":"04fb1f1cc5cb723f7c451dac2befa8781d7cfa9bbb20d38f419fb95fc1235b56","pinned_guard_sha256":"a1c04481ce25603ade8e8fcd645ec27ff4730b446a4c54d81680b5c2fac76d97"}],"trusted_original_restore":true,"original_document":"15e697c7-ee23-4256-bc20-751814f6cf5b"}}],"measured_guard_sha256":"a1c04481ce25603ade8e8fcd645ec27ff4730b446a4c54d81680b5c2fac76d97","measured_guard_documents":2},{"id":"P17","name":"real unavailable/malformed service and failure cleanup","status":"passed"}]}


successes:
    admin_credential_reset_recovers_in_branch_subordinate
    admin_issue_otp_allows_in_branch_subordinate
    admin_issue_otp_rejects_cross_branch_target
    admin_issue_otp_rejects_non_admin
    admin_issue_otp_rejects_privileged_target
    approve_session_rejects_access_token_expired_during_family_lock
    approve_session_rejects_generic_desktop_handoff_without_target
    body_mode_without_header_is_unchanged_and_sets_no_cookie
    browser_sessions::account_and_company_fk_holders_refuse_removal_without_clearing_browser_proof
    browser_sessions::actual_0240_populated_upgrade_preserves_native_identity_and_sessions
    browser_sessions::both_removal_owners_leave_browser_row_unlocked_while_waiting_for_account
    browser_sessions::browser_context_link_count_and_rows_share_a_witnessed_snapshot
    browser_sessions::browser_context_substitution_unknown_and_noncanonical_handles_deny_without_effect
    browser_sessions::browser_family_and_login_audit_failures_roll_back_the_exact_signed_assertion
    browser_sessions::browser_history_context_is_own_only_and_preserves_old_wire_contract
    browser_sessions::browser_history_pagination_has_exact_native_integer_bounds_without_effects
    browser_sessions::browser_ingress_configuration_and_debug_never_expose_service_credentials
    browser_sessions::browser_ingress_gate_requires_single_canonical_key_and_verified_hop
    browser_sessions::browser_login_binds_original_proof_and_parallel_resolution_never_rotates
    browser_sessions::browser_logout_closes_only_bound_family_and_reconciles_idempotently
    browser_sessions::browser_logout_review::cleanup_isolates_company_failure_then_retries_without_starving_other_custody
    browser_sessions::browser_logout_review::closed_mapping_without_family_or_owner_removal_cannot_certify_retry
    browser_sessions::browser_logout_review::recovered_family_logout_audit_failure_rolls_back_then_reconciles_once
    browser_sessions::browser_mapping_is_force_rls_company_scoped_with_narrow_locator_only
    browser_sessions::browser_payslips::issued_payslips_are_recipient_company_and_kind_scoped_without_read_effects
    browser_sessions::browser_payslips::malformed_issued_artifacts_fail_unavailable_without_successful_null_projection
    browser_sessions::browser_start_is_bodyless_explicit_and_shares_legacy_limits
    browser_sessions::browser_storage_function_catalog_preserves_builtin_signatures_and_restricted_grants
    browser_sessions::changed_current_account_role_generation_and_company_each_deny_original_browser_proof
    browser_sessions::cleared_proof_and_terminal_browser_state_cannot_be_restored
    browser_sessions::committed_account_set_or_status_drift_aborts_removal_without_browser_effects
    browser_sessions::consumed_native_assertion_and_bearer_otp_or_refresh_cannot_convert_to_browser_session
    browser_sessions::deferred_mapping_commit_failure_does_not_consume_or_publish_the_assertion
    browser_sessions::denied_removal_and_late_company_audit_failure_preserve_browser_proof
    browser_sessions::encrypted_proof_or_metadata_tampering_is_denied_without_reminting_authority
    browser_sessions::expired_proof_cleanup_enforces_scope_bound_and_preserves_reconciliation
    browser_sessions::failed_browser_login_rolls_back_before_waiting_credential_reset_commits
    browser_sessions::failed_guarded_removal_restores_custody_before_waiting_logout_commits
    browser_sessions::failed_logout_audit_preserves_live_family_and_exact_retry_can_close_it
    browser_sessions::forged_owner_removal_cannot_clear_live_browser_custody
    browser_sessions::guarded_removal_with_actual_device_data_preserves_exact_browser_custody
    browser_sessions::insert_scope_is_checked_while_exact_verified_mapping_is_still_eligible
    browser_sessions::logout_waits_for_account_without_holding_browser_row_and_preserves_later_family
    browser_sessions::malformed_browser_signature_preserves_custody_and_original_assertion
    browser_sessions::mapping_insert_failure_rolls_back_proof_counter_family_tokens_and_audits
    browser_sessions::missing_family_without_owner_removal_cannot_certify_logout
    browser_sessions::missing_malformed_and_replaced_browser_key_never_weaken_original_native_login
    browser_sessions::native_browser_routes_never_take_authority_from_ambient_cookie_or_bearer
    browser_sessions::original_short_family_deadline_expires_during_lookup_wait_without_sliding
    browser_sessions::r7_native_additions::browser_invalid_sql_proof_shapes_roll_back_genuine_login_without_constraint_bypass
    browser_sessions::r7_native_additions::browser_large_current_branch_proof_is_read_without_jwt_http_transport
    browser_sessions::r7_native_additions::browser_native_body_caps_and_closed_routes_preserve_owner_effects
    browser_sessions::r7_native_additions::browser_native_proof_matches_independent_aad_and_standard_aes_vectors
    browser_sessions::r7_native_additions::browser_nearest_signed_cap_rolls_back_atomically_without_changing_legacy_cap
    browser_sessions::r7_native_additions::browser_sql_insert_binds_discoverable_outcome_account_company_and_source
    browser_sessions::r7_native_additions::browser_sql_insert_requires_fresh_ceremony_and_family_in_one_transaction
    browser_sessions::r7_native_additions::browser_valid_aead_wrong_signed_claims_are_denied_without_effect
    browser_sessions::r7_request_context_additions::browser_hr_owner_keeps_actual_request_context_and_distinct_auth_method
    browser_sessions::real_session_survives_as_token_free_terminal_evidence_after_direct_and_company_removal
    browser_sessions::real_worker_boot_prerequisites_are_independent_of_new_browser_routes
    browser_sessions::real_workers_clear_expired_proof_without_root_locks_and_recover_after_crash
    browser_sessions::recovery_revokes_browser_family_without_revoking_another_person
    browser_sessions::removed_exact_passkey_denies_browser_access_but_preserves_logout_identity
    browser_sessions::resident_authenticator::failed_close_is_cached_without_restarting_cleanup_and_normal_drop_stays_failing
    browser_sessions::resident_authenticator::injected_reader_setup_failure_preserves_constructor_error_and_resource_custody
    browser_sessions::resident_authenticator::injected_stderr_setup_failure_preserves_constructor_error_and_resource_custody
    browser_sessions::resident_authenticator::injected_writer_setup_failure_preserves_constructor_error_and_resource_custody
    browser_sessions::resident_fixture_preserves_real_native_login_and_exact_family_logout
    browser_sessions::same_source_uuid_reinsert_does_not_renew_a_recorded_removed_browser_credential
    browser_sessions::scoped_close_checks_eligible_rows_and_every_token_before_monotonic_closure
    browser_sessions::scoped_read_and_lock_reject_hostile_temporary_objects_and_exact_pair_substitutions
    browser_sessions::scoped_storage_functions_cannot_forge_closure_or_clear_active_proof
    browser_sessions::successful_company_removal_audits_exclude_browser_proof_and_handle_material
    browser_sessions::unlinked_and_out_of_range_browser_history_are_real_distinct_states
    browser_sessions::witnessed_fresh_login_and_old_family_logout_preserve_independent_families
    browser_sessions::witnessed_login_and_guarded_active_company_removal_preserve_exact_terminal_custody
    browser_sessions::witnessed_login_reset_winners_never_leave_pre_reset_browser_authority
    browser_sessions::witnessed_logout_and_both_company_removal_winners_preserve_terminal_outcomes
    cookie_mode_login_then_refresh_reads_and_rotates_cookie
    cookie_mode_redeem_sets_httponly_cookie_and_omits_body_refresh
    cookie_mode_refresh_allows_rapid_navigation_burst_with_device_id
    device_login_failures_preserve_proof_and_poll_permit
    existing_passkey_addition_succeeds_without_open_bootstrap
    financial_purchase_sensitive_actions_require_fresh_passkey_step_up
    first_passkey_enrollment_requires_privacy_terms
    first_passkey_registration_rejects_replaced_source_after_refresh
    first_passkey_registration_rejects_revoked_bootstrap_after_start
    genuine_browser::genuine_browser_discoverable_enrollment_requires_two_native_logins
    genuine_browser::genuine_browser_enrollment_preserves_native_options_and_owned_effects
    genuine_browser::genuine_browser_failed_native_phase_is_preserved_after_confirmed_cleanup
    genuine_browser::genuine_production_browser_proposal_requires_all_seventeen_scenarios
    genuine_browser::native_explicit_login_is_bodyless_and_shares_conditional_limits
    genuine_browser::native_registration_opt_in_preserves_legacy_options_and_authority
    mobile_bound_step_up_start_gates_mobile_approval_and_poll_vote
    otp_enrollment_session_cannot_create_business_work
    otp_family_cannot_gain_business_authority_after_passkey_registration
    otp_first_signin_then_passkey_enrollment_then_usernameless_login
    otp_is_consumed_on_passkey_registration_not_on_redeem
    otp_redeem_rate_limit_wires_up_on_real_clock_path
    passkey_login_session_issue_failure_preserves_signed_proof
    platform_admin_can_approve_and_consume_bound_device_handoff
    purpose::classification_lookup_failure_fails_closed_and_restores_without_promotion
    purpose::dormant_v1_enrollment_command_cannot_release_http_authority
    purpose::dormant_v1_normal_family_is_denied_by_both_admission_paths
    purpose::enrollment_qr_requires_signed_approval_to_create_business_session
    purpose::group_mint_and_preminted_actor_use_original_home_family
    purpose::mismatched_marker_cannot_disappear_from_admission
    purpose::otp_admin_and_mobile_step_up_denials_have_no_effect
    purpose::otp_cannot_delete_own_credential_even_with_key_present
    purpose::platform_enrollment_and_realtime_keep_ordinary_purpose_boundary
    purpose::retained_marker_denies_consumed_expired_revoked_and_missing_source
    purpose::session_approval_rechecks_classification_after_account_lock_wait
    purpose::worker_attendance_requires_fresh_login_and_replays_without_effects
    refresh_keeps_zero_passkey_user_in_setup_mode_until_enrolled
    refresh_signing_failure_does_not_commit_undelivered_replacement
    registration_rechecks_revoked_family_after_account_wait
    registration_start_rechecks_expired_bearer_after_account_wait
    replaced_otp_family_cannot_create_business_work
    reset_sessions::family_storage_failure_rolls_back_reset
    reset_sessions::ordinary_otp_issue_and_self_handoff_do_not_revoke_established_sessions
    reset_sessions::otp_audit_and_deferred_commit_failure_roll_back_sessions_and_keys
    reset_sessions::reset_first_blocks_refresh_and_prevents_replacement
    reset_sessions::reset_revokes_signed_sessions_and_all_tokens_without_cross_account_effects
    reset_sessions::reset_with_no_keys_preserves_prior_revocation_and_sweeps_token_residue
    reset_sessions::reset_wrong_company_missing_and_inactive_targets_have_no_effects
    reset_sessions::rotation_first_replacement_is_revoked_by_waiting_reset
    reset_sessions::token_storage_failure_rolls_back_reset

test result: ok. 127 passed; 0 failed; 0 ignored; 0 measured; 0 filtered out; finished in 1192.76s

