TAP version 13
# Subtest: slow prerequisite startup does not spend the requested cleanup budget
not ok 1 - slow prerequisite startup does not spend the requested cleanup budget
  ---
  duration_ms: 4.190125
  type: 'test'
  location: '/Users/jasonlee/Developer/frontend/.worktrees/browser-business-session-r7/tools/enrollment-fault-deadlines.test.mjs:14:1'
  failureType: 'testCodeFailure'
  error: |-
    Expected values to be strictly deep-equal:
    + actual - expected
    
    + [
    +   'SIGTERM'
    + ]
    - []
    
  code: 'ERR_ASSERTION'
  name: 'AssertionError'
  expected:
  actual:
    0: 'SIGTERM'
  operator: 'deepStrictEqual'
  stack: |-
    TestContext.<anonymous> (file:///Users/jasonlee/Developer/frontend/.worktrees/browser-business-session-r7/tools/enrollment-fault-deadlines.test.mjs:17:10)
    Test.runInAsyncScope (node:async_hooks:227:14)
    Test.run (node:internal/test_runner/test:1402:25)
    Test.start (node:internal/test_runner/test:1262:17)
    startSubtestAfterBootstrap (node:internal/test_runner/harness:387:17)
  ...
# Subtest: a ready runner that fails to exit still triggers the cleanup fallback
not ok 2 - a ready runner that fails to exit still triggers the cleanup fallback
  ---
  duration_ms: 1.406125
  type: 'test'
  location: '/Users/jasonlee/Developer/frontend/.worktrees/browser-business-session-r7/tools/enrollment-fault-deadlines.test.mjs:29:1'
  failureType: 'testCodeFailure'
  error: |-
    Expected values to be strictly deep-equal:
    + actual - expected
    
    + [
    +   'SIGTERM'
    + ]
    - []
    
  code: 'ERR_ASSERTION'
  name: 'AssertionError'
  expected:
  actual:
    0: 'SIGTERM'
  operator: 'deepStrictEqual'
  stack: |-
    TestContext.<anonymous> (file:///Users/jasonlee/Developer/frontend/.worktrees/browser-business-session-r7/tools/enrollment-fault-deadlines.test.mjs:34:10)
    Test.runInAsyncScope (node:async_hooks:227:14)
    Test.run (node:internal/test_runner/test:1402:25)
    Test.processPendingSubtests (node:internal/test_runner/test:974:18)
    Test.postRun (node:internal/test_runner/test:1542:19)
    Test.run (node:internal/test_runner/test:1467:12)
    async startSubtestAfterBootstrap (node:internal/test_runner/harness:387:3)
  ...
# Subtest: never-ready startup has one absolute bounded termination deadline
not ok 3 - never-ready startup has one absolute bounded termination deadline
  ---
  duration_ms: 0.4175
  type: 'test'
  location: '/Users/jasonlee/Developer/frontend/.worktrees/browser-business-session-r7/tools/enrollment-fault-deadlines.test.mjs:43:1'
  failureType: 'testCodeFailure'
  error: |-
    Expected values to be strictly deep-equal:
    + actual - expected
    
    + [
    +   'SIGTERM',
    +   'SIGKILL'
    + ]
    - []
    
  code: 'ERR_ASSERTION'
  name: 'AssertionError'
  expected:
  actual:
    0: 'SIGTERM'
    1: 'SIGKILL'
  operator: 'deepStrictEqual'
  stack: |-
    TestContext.<anonymous> (file:///Users/jasonlee/Developer/frontend/.worktrees/browser-business-session-r7/tools/enrollment-fault-deadlines.test.mjs:46:10)
    Test.runInAsyncScope (node:async_hooks:227:14)
    Test.run (node:internal/test_runner/test:1402:25)
    Test.processPendingSubtests (node:internal/test_runner/test:974:18)
    Test.postRun (node:internal/test_runner/test:1542:19)
    Test.run (node:internal/test_runner/test:1467:12)
    async Test.processPendingSubtests (node:internal/test_runner/test:974:7)
  ...
# Subtest: a second fault cannot reset an already running cleanup deadline
not ok 4 - a second fault cannot reset an already running cleanup deadline
  ---
  duration_ms: 0.45825
  type: 'test'
  location: '/Users/jasonlee/Developer/frontend/.worktrees/browser-business-session-r7/tools/enrollment-fault-deadlines.test.mjs:57:1'
  failureType: 'testCodeFailure'
  error: 'Missing expected exception.'
  code: 'ERR_ASSERTION'
  name: 'AssertionError'
  operator: 'throws'
  stack: |-
    TestContext.<anonymous> (file:///Users/jasonlee/Developer/frontend/.worktrees/browser-business-session-r7/tools/enrollment-fault-deadlines.test.mjs:61:10)
    Test.runInAsyncScope (node:async_hooks:227:14)
    Test.run (node:internal/test_runner/test:1402:25)
    Test.processPendingSubtests (node:internal/test_runner/test:974:18)
    Test.postRun (node:internal/test_runner/test:1542:19)
    Test.run (node:internal/test_runner/test:1467:12)
    async Test.processPendingSubtests (node:internal/test_runner/test:974:7)
  ...
# Subtest: late cleanup cannot erase evidence of forced intervention
not ok 5 - late cleanup cannot erase evidence of forced intervention
  ---
  duration_ms: 0.512375
  type: 'test'
  location: '/Users/jasonlee/Developer/frontend/.worktrees/browser-business-session-r7/tools/enrollment-fault-deadlines.test.mjs:66:1'
  failureType: 'testCodeFailure'
  error: 'Missing expected exception.'
  code: 'ERR_ASSERTION'
  name: 'AssertionError'
  operator: 'throws'
  stack: |-
    TestContext.<anonymous> (file:///Users/jasonlee/Developer/frontend/.worktrees/browser-business-session-r7/tools/enrollment-fault-deadlines.test.mjs:75:10)
    Test.runInAsyncScope (node:async_hooks:227:14)
    Test.run (node:internal/test_runner/test:1402:25)
    Test.processPendingSubtests (node:internal/test_runner/test:974:18)
    Test.postRun (node:internal/test_runner/test:1542:19)
    Test.run (node:internal/test_runner/test:1467:12)
    async Test.processPendingSubtests (node:internal/test_runner/test:974:7)
  ...
# Subtest: natural completion disposes both clocks and cannot rearm them
not ok 6 - natural completion disposes both clocks and cannot rearm them
  ---
  duration_ms: 0.248584
  type: 'test'
  location: '/Users/jasonlee/Developer/frontend/.worktrees/browser-business-session-r7/tools/enrollment-fault-deadlines.test.mjs:78:1'
  failureType: 'testCodeFailure'
  error: 'Missing expected exception.'
  code: 'ERR_ASSERTION'
  name: 'AssertionError'
  operator: 'throws'
  stack: |-
    TestContext.<anonymous> (file:///Users/jasonlee/Developer/frontend/.worktrees/browser-business-session-r7/tools/enrollment-fault-deadlines.test.mjs:86:10)
    Test.runInAsyncScope (node:async_hooks:227:14)
    Test.run (node:internal/test_runner/test:1402:25)
    Test.processPendingSubtests (node:internal/test_runner/test:974:18)
    Test.postRun (node:internal/test_runner/test:1542:19)
    Test.run (node:internal/test_runner/test:1467:12)
    async Test.processPendingSubtests (node:internal/test_runner/test:974:7)
  ...
1..6
# tests 6
# suites 0
# pass 0
# fail 6
# cancelled 0
# skipped 0
# todo 0
# duration_ms 79.857292
