TAP version 13
# Subtest: deployment and browser consumers stage the same locked production closure
ok 1 - deployment and browser consumers stage the same locked production closure
  ---
  duration_ms: 34058.661083
  type: 'test'
  ...
# Subtest: runtime verification rejects changed config, runtime bytes and extra secret files
ok 2 - runtime verification rejects changed config, runtime bytes and extra secret files
  ---
  duration_ms: 64062.702917
  type: 'test'
  ...
# Subtest: storefront consumers release owned staging resources after custody rejection
ok 3 - storefront consumers release owned staging resources after custody rejection
  ---
  duration_ms: 710.226625
  type: 'test'
  ...
1..3
# tests 3
# suites 0
# pass 3
# fail 0
# cancelled 0
# skipped 0
# todo 0
# duration_ms 98915.742167
