NOTICE:  topology.canonical_enforcement: examined 0 canonical tables []
topology: eight application roles reconciled and verified
NOTICE:  database "canonical_probe_32143" does not exist, skipping
NOTICE:  topology.canonical_enforcement: examined 0 canonical tables []
topology: eight application roles reconciled and verified
psql:/canonical-migrations/0023_coldstart_revoke_fixed_seed.sql:29: NOTICE:  extension "pgcrypto" already exists, skipping
psql:/canonical-migrations/0118_search_trgm_indexes.sql:7: NOTICE:  extension "pg_trgm" already exists, skipping
psql:/canonical-migrations/0193_maintenance_gaps.sql:136: NOTICE:  identifier "equipment_maintenance_history_evidence_require_verified_snapshot" will be truncated to "equipment_maintenance_history_evidence_require_verified_snapsho"
psql:/canonical-migrations/0193_maintenance_gaps.sql:167: NOTICE:  identifier "equipment_maintenance_history_evidence_require_verified_snapshot" will be truncated to "equipment_maintenance_history_evidence_require_verified_snapsho"
psql:/canonical-migrations/0207_create_erasure_ledger.sql:131: NOTICE:  extension "pgcrypto" already exists, skipping
NOTICE:  topology.canonical_enforcement: examined 20 canonical tables [company_revisions,employee_person_bindings,employees,employment_heads,employment_revisions,employment_source_bindings,job_position_revisions,job_positions,org_unit_revisions,org_unit_source_bindings,org_units,organizations,payroll_disbursements,payroll_draft_lines,payroll_draft_runs,payroll_line_calculations,payroll_payslip_deliveries,payroll_run_exceptions,person_revisions,persons]
topology: eight application roles reconciled and verified
canonical-enforce: enforced on canonical_probe_32143, examined 20 tables [company_revisions,employee_person_bindings,employees,employment_heads,employment_revisions,employment_source_bindings,job_position_revisions,job_positions,org_unit_revisions,org_unit_source_bindings,org_units,organizations,payroll_disbursements,payroll_draft_lines,payroll_draft_runs,payroll_line_calculations,payroll_payslip_deliveries,payroll_run_exceptions,person_revisions,persons]
postgres ready on 33413
warning: linker stderr: ld: __eh_frame section too large (max 16MB) to encode dwarf unwind offsets in compact unwind table, performance of exception handling might be affected
  |
  = note: `#[warn(linker_messages)]` on by default

warning: `console-app` (bin "console-app") generated 1 warning
warning: `console-app` (test "auth_rest") generated 1 warning (1 duplicate)
    Finished `test` profile [unoptimized] target(s) in 0.99s
warning: the following packages contain code that will be rejected by a future version of Rust: proc-macro-error2 v2.0.1
note: to see what the problems were, use the option `--future-incompat-report`, or run `cargo report future-incompatibilities --id 1`
     Running tests/auth_rest.rs (/Users/jasonlee/Developer/frontend/.artifacts/cargo-target/debug/deps/auth_rest-873c64fd11cbdfcc)

running 125 tests
test admin_credential_reset_recovers_in_branch_subordinate ... ok
test admin_issue_otp_allows_in_branch_subordinate ... ok
test admin_issue_otp_rejects_cross_branch_target ... ok
test admin_issue_otp_rejects_non_admin ... ok
test admin_issue_otp_rejects_privileged_target ... ok
test approve_session_rejects_access_token_expired_during_family_lock ... ok
test approve_session_rejects_generic_desktop_handoff_without_target ... ok
test body_mode_without_header_is_unchanged_and_sets_no_cookie ... ok
test browser_sessions::account_and_company_fk_holders_refuse_removal_without_clearing_browser_proof ... ok
test browser_sessions::actual_0240_populated_upgrade_preserves_native_identity_and_sessions ... ok
test browser_sessions::both_removal_owners_leave_browser_row_unlocked_while_waiting_for_account ... ok
test browser_sessions::browser_context_link_count_and_rows_share_a_witnessed_snapshot ... ok
test browser_sessions::browser_context_substitution_unknown_and_noncanonical_handles_deny_without_effect ... ok
test browser_sessions::browser_family_and_login_audit_failures_roll_back_the_exact_signed_assertion ... ok
test browser_sessions::browser_history_context_is_own_only_and_preserves_old_wire_contract ... ok
test browser_sessions::browser_history_pagination_has_exact_native_integer_bounds_without_effects ... ok
test browser_sessions::browser_ingress_configuration_and_debug_never_expose_service_credentials ... ok
test browser_sessions::browser_ingress_gate_requires_single_canonical_key_and_verified_hop ... ok
test browser_sessions::browser_login_binds_original_proof_and_parallel_resolution_never_rotates ... ok
test browser_sessions::browser_logout_closes_only_bound_family_and_reconciles_idempotently ... ok
test browser_sessions::browser_logout_review::cleanup_isolates_company_failure_then_retries_without_starving_other_custody ... ok
test browser_sessions::browser_logout_review::closed_mapping_without_family_or_owner_removal_cannot_certify_retry ... ok
test browser_sessions::browser_logout_review::recovered_family_logout_audit_failure_rolls_back_then_reconciles_once ... ok
test browser_sessions::browser_mapping_is_force_rls_company_scoped_with_narrow_locator_only ... ok
test browser_sessions::browser_start_is_bodyless_explicit_and_shares_legacy_limits ... ok
test browser_sessions::browser_storage_function_catalog_preserves_builtin_signatures_and_restricted_grants ... ok
test browser_sessions::changed_current_account_role_generation_and_company_each_deny_original_browser_proof ... ok
test browser_sessions::cleared_proof_and_terminal_browser_state_cannot_be_restored ... ok
test browser_sessions::committed_account_set_or_status_drift_aborts_removal_without_browser_effects ... ok
test browser_sessions::consumed_native_assertion_and_bearer_otp_or_refresh_cannot_convert_to_browser_session ... ok
test browser_sessions::deferred_mapping_commit_failure_does_not_consume_or_publish_the_assertion ... ok
test browser_sessions::denied_removal_and_late_company_audit_failure_preserve_browser_proof ... ok
test browser_sessions::encrypted_proof_or_metadata_tampering_is_denied_without_reminting_authority ... ok
test browser_sessions::expired_proof_cleanup_enforces_scope_bound_and_preserves_reconciliation ... ok
test browser_sessions::failed_browser_login_rolls_back_before_waiting_credential_reset_commits ... ok
test browser_sessions::failed_guarded_removal_restores_custody_before_waiting_logout_commits ... ok
test browser_sessions::failed_logout_audit_preserves_live_family_and_exact_retry_can_close_it ... ok
test browser_sessions::forged_owner_removal_cannot_clear_live_browser_custody ... ok
test browser_sessions::guarded_removal_with_actual_device_data_preserves_exact_browser_custody ... ok
test browser_sessions::insert_scope_is_checked_while_exact_verified_mapping_is_still_eligible ... ok
test browser_sessions::logout_waits_for_account_without_holding_browser_row_and_preserves_later_family ... ok
test browser_sessions::malformed_browser_signature_preserves_custody_and_original_assertion ... ok
test browser_sessions::mapping_insert_failure_rolls_back_proof_counter_family_tokens_and_audits ... ok
test browser_sessions::missing_family_without_owner_removal_cannot_certify_logout ... ok
test browser_sessions::missing_malformed_and_replaced_browser_key_never_weaken_original_native_login ... ok
test browser_sessions::native_browser_routes_never_take_authority_from_ambient_cookie_or_bearer ... ok
test browser_sessions::original_short_family_deadline_expires_during_lookup_wait_without_sliding ... ok
test browser_sessions::r7_native_additions::browser_invalid_sql_proof_shapes_roll_back_genuine_login_without_constraint_bypass ... ok
test browser_sessions::r7_native_additions::browser_large_current_branch_proof_is_read_without_jwt_http_transport ... ok
test browser_sessions::r7_native_additions::browser_native_body_caps_and_closed_routes_preserve_owner_effects ... ok
test browser_sessions::r7_native_additions::browser_native_proof_matches_independent_aad_and_standard_aes_vectors ... ok
test browser_sessions::r7_native_additions::browser_nearest_signed_cap_rolls_back_atomically_without_changing_legacy_cap ... r7_signed_cap below_name_bytes=785861 below_jwt_bytes=1048576 above_name_bytes=785862 above_jwt_bytes=1048578
ok
test browser_sessions::r7_native_additions::browser_sql_insert_binds_discoverable_outcome_account_company_and_source ... ok
test browser_sessions::r7_native_additions::browser_sql_insert_requires_fresh_ceremony_and_family_in_one_transaction ... ok
test browser_sessions::r7_native_additions::browser_valid_aead_wrong_signed_claims_are_denied_without_effect ... ok
test browser_sessions::r7_request_context_additions::browser_hr_owner_keeps_actual_request_context_and_distinct_auth_method ... ok
test browser_sessions::real_session_survives_as_token_free_terminal_evidence_after_direct_and_company_removal ... ok
test browser_sessions::real_worker_boot_prerequisites_are_independent_of_new_browser_routes ... ok
test browser_sessions::real_workers_clear_expired_proof_without_root_locks_and_recover_after_crash ... ok
test browser_sessions::recovery_revokes_browser_family_without_revoking_another_person ... ok
test browser_sessions::removed_exact_passkey_denies_browser_access_but_preserves_logout_identity ... ok
test browser_sessions::resident_authenticator::failed_close_is_cached_without_restarting_cleanup_and_normal_drop_stays_failing ... RESIDENT_CLEANUP_FAILURE reason=infrastructure: resident stdout closed exit_status=Some(ExitStatus(unix_wait_status(512))) stderr_bytes=0 sent_before=0 checked_frames_before=1 sent=0 checked_frames=1 done=false failed=true panicking=false owner_age_ms=480 ceremony_idle_ms=None constructing=false forced=false node_reaped=true workers_settled=true

thread 'browser_sessions::resident_authenticator::failed_close_is_cached_without_restarting_cleanup_and_normal_drop_stays_failing' (92493903) panicked at app/tests/auth_rest/resident_authenticator.rs:687:17:
infrastructure: resident stdout closed
note: run with `RUST_BACKTRACE=1` environment variable to display a backtrace
RESIDENT_CACHED_FAILURE_PROBE real_node_reaped=true created_workers_joined_successfully=true forced=false phase_deadlines_exceeded=false cleanup_attempts=1 repeated_error_preserved=true normal_drop_expected_panic=true browser_custody=UNKNOWN
ok
test browser_sessions::resident_authenticator::injected_reader_setup_failure_preserves_constructor_error_and_resource_custody ... RESIDENT_CLEANUP_FAILURE reason=infrastructure: resident startup workers incomplete exit_status=Some(ExitStatus(unix_wait_status(768))) stderr_bytes=0 sent_before=0 checked_frames_before=0 sent=0 checked_frames=0 done=false failed=true panicking=false owner_age_ms=2 ceremony_idle_ms=None constructing=true forced=false node_reaped=true workers_settled=true
infrastructure: resident startup workers incomplete
RESIDENT_STARTUP_PROBE fault=Reader simulated_setup_error=true node_reaped=true created_workers_joined_successfully=true forced=false phase_deadlines_exceeded=false browser_custody=UNKNOWN
ok
test browser_sessions::resident_authenticator::injected_stderr_setup_failure_preserves_constructor_error_and_resource_custody ... RESIDENT_CLEANUP_FAILURE reason=infrastructure: resident startup workers incomplete exit_status=Some(ExitStatus(unix_wait_status(768))) stderr_bytes=0 sent_before=0 checked_frames_before=0 sent=0 checked_frames=0 done=false failed=true panicking=false owner_age_ms=3 ceremony_idle_ms=None constructing=true forced=false node_reaped=true workers_settled=true
infrastructure: resident startup workers incomplete
RESIDENT_STARTUP_PROBE fault=Stderr simulated_setup_error=true node_reaped=true created_workers_joined_successfully=true forced=false phase_deadlines_exceeded=false browser_custody=UNKNOWN
ok
test browser_sessions::resident_authenticator::injected_writer_setup_failure_preserves_constructor_error_and_resource_custody ... RESIDENT_CLEANUP_FAILURE reason=infrastructure: resident startup workers incomplete exit_status=Some(ExitStatus(unix_wait_status(768))) stderr_bytes=0 sent_before=0 checked_frames_before=0 sent=0 checked_frames=0 done=false failed=true panicking=false owner_age_ms=3 ceremony_idle_ms=None constructing=true forced=false node_reaped=true workers_settled=true
infrastructure: resident startup workers incomplete
RESIDENT_STARTUP_PROBE fault=Writer simulated_setup_error=true node_reaped=true created_workers_joined_successfully=true forced=false phase_deadlines_exceeded=false browser_custody=UNKNOWN
ok
test browser_sessions::resident_fixture_preserves_real_native_login_and_exact_family_logout ... ok
test browser_sessions::same_source_uuid_reinsert_does_not_renew_a_recorded_removed_browser_credential ... ok
test browser_sessions::scoped_close_checks_eligible_rows_and_every_token_before_monotonic_closure ... ok
test browser_sessions::scoped_read_and_lock_reject_hostile_temporary_objects_and_exact_pair_substitutions ... ok
test browser_sessions::scoped_storage_functions_cannot_forge_closure_or_clear_active_proof ... ok
test browser_sessions::successful_company_removal_audits_exclude_browser_proof_and_handle_material ... ok
test browser_sessions::unlinked_and_out_of_range_browser_history_are_real_distinct_states ... ok
test browser_sessions::witnessed_fresh_login_and_old_family_logout_preserve_independent_families ... ok
test browser_sessions::witnessed_login_and_guarded_active_company_removal_preserve_exact_terminal_custody ... ok
test browser_sessions::witnessed_login_reset_winners_never_leave_pre_reset_browser_authority ... ok
test browser_sessions::witnessed_logout_and_both_company_removal_winners_preserve_terminal_outcomes ... ok
test cookie_mode_login_then_refresh_reads_and_rotates_cookie ... ok
test cookie_mode_redeem_sets_httponly_cookie_and_omits_body_refresh ... ok
test cookie_mode_refresh_allows_rapid_navigation_burst_with_device_id ... ok
test device_login_failures_preserve_proof_and_poll_permit ... ok
test existing_passkey_addition_succeeds_without_open_bootstrap ... ok
test financial_purchase_sensitive_actions_require_fresh_passkey_step_up ... ok
test first_passkey_enrollment_requires_privacy_terms ... ok
test first_passkey_registration_rejects_replaced_source_after_refresh ... ok
test first_passkey_registration_rejects_revoked_bootstrap_after_start ... ok
test genuine_browser::genuine_browser_discoverable_enrollment_requires_two_native_logins ... NATIVE_DISCOVERABLE_SIGNIN [{"actor":"a","native_registration":"accepted","requested_resident_key":"required","browser_cred_props_rk":true,"authenticator_is_resident":true,"browser_environment":{"secure_context":true,"document_has_focus":true,"visibility_state":"visible","conditional_mediation_available":true},"requested_require_resident_key":true,"usernameless_login":"assertion","scope":"Strict native new-key prerequisite on production RP origin; not product sign-in acceptance"},{"actor":"b","native_registration":"accepted","requested_resident_key":"required","browser_cred_props_rk":true,"authenticator_is_resident":true,"browser_environment":{"secure_context":true,"document_has_focus":true,"visibility_state":"visible","conditional_mediation_available":true},"requested_require_resident_key":true,"usernameless_login":"assertion","scope":"Strict native new-key prerequisite on production RP origin; not product sign-in acceptance"}]
ok
test genuine_browser::genuine_browser_enrollment_preserves_native_options_and_owned_effects ... NATIVE_BROWSER_ENROLLMENT [{"actor":"a","native_registration":"accepted","requested_resident_key":"discouraged","browser_cred_props_rk":null,"authenticator_is_resident":false,"browser_environment":{"secure_context":true,"document_has_focus":true,"visibility_state":"visible","conditional_mediation_available":true},"requested_require_resident_key":false,"usernameless_login":"NotAllowedError","scope":"Exact-options diagnostic on not-found RP origin; not product sign-in acceptance"},{"actor":"b","native_registration":"accepted","requested_resident_key":"discouraged","browser_cred_props_rk":null,"authenticator_is_resident":false,"browser_environment":{"secure_context":true,"document_has_focus":true,"visibility_state":"visible","conditional_mediation_available":true},"requested_require_resident_key":false,"usernameless_login":"NotAllowedError","scope":"Exact-options diagnostic on not-found RP origin; not product sign-in acceptance"}]
ok
test genuine_browser::genuine_browser_failed_native_phase_is_preserved_after_confirmed_cleanup ... NATIVE_BROWSER_FAILURE fixture: injected native-phase interruption checked_frames=3
ok
test genuine_browser::genuine_production_browser_proposal_requires_all_seventeen_scenarios ... PRODUCT_BROWSER_SCENARIOS {"v":1,"seq":595,"kind":"report","discovered":17,"executed":17,"counts":{"passed":16,"failed":1,"unreached":0,"skipped":0},"failure_class":"behavior","scenarios":[{"id":"P01","name":"runtime/exclusion/launcher/config negatives","status":"passed"},{"id":"P02","name":"two genuine product sign-ins and native family logout","status":"passed"},{"id":"P03","name":"real own-history count, rows, pagination and reload","status":"passed"},{"id":"P04","name":"responsive keyboard and inaccessible-script recovery","status":"passed"},{"id":"P05","name":"two actual source peers and ingress spoofing negatives","status":"passed"},{"id":"P06","name":"Origin/CSRF/context/duplicate-cookie/body boundaries","status":"passed"},{"id":"P07","name":"eight-preauth/eight-session admission boundaries","status":"passed"},{"id":"P08","name":"independent tabs, stable reads and no context fallback","status":"passed"},{"id":"P09","name":"reversed actual start responses","status":"passed"},{"id":"P10","name":"reversed actual finish/header-arrival responses","status":"passed"},{"id":"P11","name":"reversed logout versus a new independent login","status":"passed"},{"id":"P12","name":"lost committed login result and consumed-assertion handling","status":"passed"},{"id":"P13","name":"lost logout across genuine short-family expiry","status":"passed","checks":[{"id":"lost-result-expired-access","status":"passed","evidence":{"observed":{"kind":"http-failure","status":503},"native_owner_status":204,"actual_cookie_expired":true,"unknown_before_refresh":true,"conservative_absent_after_refresh":true,"same_sender_alive":true,"late_header_claim":false}},{"id":"near-expiry-intact-late-headers","status":"passed","evidence":{"native_owner_status":204,"original_public_status":204,"empty_body":true,"actual_cookie_expired":true,"recovery_document_refreshed":true,"original_request_pending_until_b_cookie":true,"exact_original_generation_headers":true,"same_sender_alive":true,"newer_b_cookie_and_reads_preserved":true}}]},{"id":"P14","name":"current authority, key replacement and cleanup restart","status":"passed"},{"id":"P15","name":"logout Back and witnessed real BFCache restore","status":"passed","checks":[{"id":"ordinary-logout-back","status":"passed","evidence":{"ordinary_back":true,"cached_restore_seen":false}},{"id":"native-revocation-real-bfcache","status":"passed","evidence":{"mode":"normal","blocked_scripts":0,"blocked_styles":0,"transformed_documents":[],"trusted_original_restore":true,"original_document":"7a40eb10-765e-4432-893b-86ee37fdfd81"}}],"measured_guard_sha256":"a1c04481ce25603ade8e8fcd645ec27ff4730b446a4c54d81680b5c2fac76d97","measured_guard_documents":2},{"id":"P16","name":"actual restore before hydration with CSS/React/offline faults","status":"failed","checks":[{"id":"blocked-bundles","status":"passed","evidence":{"mode":"blocked-bundles","blocked_scripts":14,"blocked_styles":0,"transformed_documents":[],"trusted_original_restore":true,"original_document":"49700798-64da-4fb4-9f1c-5e23611fd4b7"}},{"id":"blocked-css-bundles","status":"passed","evidence":{"mode":"blocked-css-bundles","blocked_scripts":14,"blocked_styles":3,"transformed_documents":[],"trusted_original_restore":true,"original_document":"f282ec27-c203-4cbe-a17e-a11c27fc0c7b"}},{"id":"delayed-bundles","status":"failed","reason":"actual required restore assertion failed"},{"id":"queued-react-css","status":"passed","evidence":{"mode":"queued-react-css","blocked_scripts":0,"blocked_styles":0,"transformed_documents":[],"queued_ordering_observation":{"stage":"verified-native-denial","native_gate_match":true,"native_context_match":true,"native_status_401":true,"pending":{"original":true,"restored":true,"queued":true,"started":false},"pending_matches_expected":true},"trusted_original_restore":true,"original_document":"d9bcd50e-9462-4b4b-a3f2-7e6c9d38c8ee","original_input_observations":[{"kind":"snapshot","sequence":1,"category":"reply-received","configured_budget_ms":20000,"observed_elapsed_ms":11,"elapsed_capped":false,"native_input_completed":true,"valid_original_reply_received":true,"local_deadline_fired":false},{"kind":"release","sequence":2,"category":"reply-received","configured_budget_ms":20000,"observed_elapsed_ms":5,"elapsed_capped":false,"native_input_completed":true,"valid_original_reply_received":true,"local_deadline_fired":false}]}},{"id":"offline","status":"passed","evidence":{"mode":"offline","blocked_scripts":0,"blocked_styles":0,"transformed_documents":[],"trusted_original_restore":true,"original_document":"017d5a69-6291-4041-b5e2-e0e404c4341e"}},{"id":"missing-guard","status":"passed","evidence":{"mode":"missing-guard","blocked_scripts":0,"blocked_styles":0,"transformed_documents":[{"upstream_status":200,"upstream_sha256":"71eb52e099f3311ef062e16018e3cada20d5dfc2aa3c8ab4a6c2c3308be5160e","delivered_sha256":"5cc44b313293057190187dde916f4c75ee13399839cdc3f21e5746eac7ba88b2","pinned_guard_sha256":"a1c04481ce25603ade8e8fcd645ec27ff4730b446a4c54d81680b5c2fac76d97"}],"trusted_original_restore":true,"original_document":"55c9b9b6-5b31-404c-8a21-5df346e55715"}},{"id":"thrown-guard","status":"passed","evidence":{"mode":"thrown-guard","blocked_scripts":0,"blocked_styles":0,"transformed_documents":[{"upstream_status":200,"upstream_sha256":"48184a347b8809955868596de501e0b9050b746d448981b7b0fd550933ce8ea4","delivered_sha256":"46b568d502b4ac21e676761bce3a451ee2564cae4db406075b4206098bd2cce7","pinned_guard_sha256":"a1c04481ce25603ade8e8fcd645ec27ff4730b446a4c54d81680b5c2fac76d97"}],"trusted_original_restore":true,"original_document":"8c327a02-0128-425f-b771-0662f93e4816"}}],"measured_guard_sha256":"a1c04481ce25603ade8e8fcd645ec27ff4730b446a4c54d81680b5c2fac76d97","measured_guard_documents":2,"reason":"required restore proof not reached"},{"id":"P17","name":"real unavailable/malformed service and failure cleanup","status":"passed"}]}

thread 'genuine_browser::genuine_production_browser_proposal_requires_all_seventeen_scenarios' (92545741) panicked at app/tests/auth_rest/genuine_browser.rs:2626:5:
assertion `left == right` failed
  left: Number(1)
 right: 0
FAILED
test genuine_browser::native_explicit_login_is_bodyless_and_shares_conditional_limits ... ok
test genuine_browser::native_registration_opt_in_preserves_legacy_options_and_authority ... ok
test mobile_bound_step_up_start_gates_mobile_approval_and_poll_vote ... ok
test otp_enrollment_session_cannot_create_business_work ... ok
test otp_family_cannot_gain_business_authority_after_passkey_registration ... ok
test otp_first_signin_then_passkey_enrollment_then_usernameless_login ... ok
test otp_is_consumed_on_passkey_registration_not_on_redeem ... ok
test otp_redeem_rate_limit_wires_up_on_real_clock_path ... ok
test passkey_login_session_issue_failure_preserves_signed_proof ... ok
test platform_admin_can_approve_and_consume_bound_device_handoff ... ok
test purpose::classification_lookup_failure_fails_closed_and_restores_without_promotion ... ok
test purpose::dormant_v1_enrollment_command_cannot_release_http_authority ... ok
test purpose::dormant_v1_normal_family_is_denied_by_both_admission_paths ... ok
test purpose::enrollment_qr_requires_signed_approval_to_create_business_session ... ok
test purpose::group_mint_and_preminted_actor_use_original_home_family ... ok
test purpose::mismatched_marker_cannot_disappear_from_admission ... ok
test purpose::otp_admin_and_mobile_step_up_denials_have_no_effect ... ok
test purpose::otp_cannot_delete_own_credential_even_with_key_present ... ok
test purpose::platform_enrollment_and_realtime_keep_ordinary_purpose_boundary ... ok
test purpose::retained_marker_denies_consumed_expired_revoked_and_missing_source ... ok
test purpose::session_approval_rechecks_classification_after_account_lock_wait ... ok
test purpose::worker_attendance_requires_fresh_login_and_replays_without_effects ... ok
test refresh_keeps_zero_passkey_user_in_setup_mode_until_enrolled ... ok
test refresh_signing_failure_does_not_commit_undelivered_replacement ... ok
test registration_rechecks_revoked_family_after_account_wait ... ok
test registration_start_rechecks_expired_bearer_after_account_wait ... ok
test replaced_otp_family_cannot_create_business_work ... ok
test reset_sessions::family_storage_failure_rolls_back_reset ... ok
test reset_sessions::ordinary_otp_issue_and_self_handoff_do_not_revoke_established_sessions ... ok
test reset_sessions::otp_audit_and_deferred_commit_failure_roll_back_sessions_and_keys ... ok
test reset_sessions::reset_first_blocks_refresh_and_prevents_replacement ... ok
test reset_sessions::reset_revokes_signed_sessions_and_all_tokens_without_cross_account_effects ... ok
test reset_sessions::reset_with_no_keys_preserves_prior_revocation_and_sweeps_token_residue ... ok
test reset_sessions::reset_wrong_company_missing_and_inactive_targets_have_no_effects ... ok
test reset_sessions::rotation_first_replacement_is_revoked_by_waiting_reset ... ok
test reset_sessions::token_storage_failure_rolls_back_reset ... ok

failures:

failures:
    genuine_browser::genuine_production_browser_proposal_requires_all_seventeen_scenarios

test result: FAILED. 124 passed; 1 failed; 0 ignored; 0 measured; 0 filtered out; finished in 1536.35s

error: test failed, to rerun pass `-p console-app --test auth_rest`
error: 1 target failed:
    `-p console-app --test auth_rest`
clean: console-conformance-32143 removed with its volume
