NOTICE:  topology.canonical_enforcement: examined 0 canonical tables []
topology: eight application roles reconciled and verified
NOTICE:  database "canonical_probe_30260" does not exist, skipping
NOTICE:  topology.canonical_enforcement: examined 0 canonical tables []
topology: eight application roles reconciled and verified
psql:/canonical-migrations/0023_coldstart_revoke_fixed_seed.sql:29: NOTICE:  extension "pgcrypto" already exists, skipping
psql:/canonical-migrations/0118_search_trgm_indexes.sql:7: NOTICE:  extension "pg_trgm" already exists, skipping
psql:/canonical-migrations/0193_maintenance_gaps.sql:136: NOTICE:  identifier "equipment_maintenance_history_evidence_require_verified_snapshot" will be truncated to "equipment_maintenance_history_evidence_require_verified_snapsho"
psql:/canonical-migrations/0193_maintenance_gaps.sql:167: NOTICE:  identifier "equipment_maintenance_history_evidence_require_verified_snapshot" will be truncated to "equipment_maintenance_history_evidence_require_verified_snapsho"
psql:/canonical-migrations/0207_create_erasure_ledger.sql:131: NOTICE:  extension "pgcrypto" already exists, skipping
NOTICE:  topology.canonical_enforcement: examined 20 canonical tables [company_revisions,employee_person_bindings,employees,employment_heads,employment_revisions,employment_source_bindings,job_position_revisions,job_positions,org_unit_revisions,org_unit_source_bindings,org_units,organizations,payroll_disbursements,payroll_draft_lines,payroll_draft_runs,payroll_line_calculations,payroll_payslip_deliveries,payroll_run_exceptions,person_revisions,persons]
topology: eight application roles reconciled and verified
canonical-enforce: enforced on canonical_probe_30260, examined 20 tables [company_revisions,employee_person_bindings,employees,employment_heads,employment_revisions,employment_source_bindings,job_position_revisions,job_positions,org_unit_revisions,org_unit_source_bindings,org_units,organizations,payroll_disbursements,payroll_draft_lines,payroll_draft_runs,payroll_line_calculations,payroll_payslip_deliveries,payroll_run_exceptions,person_revisions,persons]
postgres ready on 33398
warning: linker stderr: ld: __eh_frame section too large (max 16MB) to encode dwarf unwind offsets in compact unwind table, performance of exception handling might be affected
  |
  = note: `#[warn(linker_messages)]` on by default

warning: `console-app` (bin "console-app") generated 1 warning
warning: `console-app` (test "auth_rest") generated 1 warning (1 duplicate)
    Finished `test` profile [unoptimized] target(s) in 1.49s
warning: the following packages contain code that will be rejected by a future version of Rust: proc-macro-error2 v2.0.1
note: to see what the problems were, use the option `--future-incompat-report`, or run `cargo report future-incompatibilities --id 1`
     Running tests/auth_rest.rs (/Users/jasonlee/Developer/frontend/.artifacts/cargo-target/debug/deps/auth_rest-873c64fd11cbdfcc)

running 1 test
test genuine_browser::genuine_production_browser_proposal_requires_all_seventeen_scenarios ... PRODUCT_BROWSER_SCENARIOS {"v":1,"seq":585,"kind":"report","discovered":17,"executed":17,"counts":{"passed":16,"failed":1,"unreached":0,"skipped":0},"failure_class":"behavior","scenarios":[{"id":"P01","name":"runtime/exclusion/launcher/config negatives","status":"passed"},{"id":"P02","name":"two genuine product sign-ins and native family logout","status":"passed"},{"id":"P03","name":"real own-history count, rows, pagination and reload","status":"passed"},{"id":"P04","name":"responsive keyboard and inaccessible-script recovery","status":"passed"},{"id":"P05","name":"two actual source peers and ingress spoofing negatives","status":"passed"},{"id":"P06","name":"Origin/CSRF/context/duplicate-cookie/body boundaries","status":"passed"},{"id":"P07","name":"eight-preauth/eight-session admission boundaries","status":"passed"},{"id":"P08","name":"independent tabs, stable reads and no context fallback","status":"passed"},{"id":"P09","name":"reversed actual start responses","status":"passed"},{"id":"P10","name":"reversed actual finish/header-arrival responses","status":"passed"},{"id":"P11","name":"reversed logout versus a new independent login","status":"passed"},{"id":"P12","name":"lost committed login result and consumed-assertion handling","status":"passed"},{"id":"P13","name":"lost logout across genuine short-family expiry","status":"passed","checks":[{"id":"lost-result-expired-access","status":"passed","evidence":{"observed":{"kind":"http-failure","status":503},"native_owner_status":204,"actual_cookie_expired":true,"unknown_before_refresh":true,"conservative_absent_after_refresh":true,"same_sender_alive":true,"late_header_claim":false}},{"id":"near-expiry-intact-late-headers","status":"passed","evidence":{"native_owner_status":204,"original_public_status":204,"empty_body":true,"actual_cookie_expired":true,"recovery_document_refreshed":true,"original_request_pending_until_b_cookie":true,"exact_original_generation_headers":true,"same_sender_alive":true,"newer_b_cookie_and_reads_preserved":true}}]},{"id":"P14","name":"current authority, key replacement and cleanup restart","status":"passed"},{"id":"P15","name":"logout Back and witnessed real BFCache restore","status":"passed","checks":[{"id":"ordinary-logout-back","status":"passed","evidence":{"ordinary_back":true,"cached_restore_seen":false}},{"id":"native-revocation-real-bfcache","status":"passed","evidence":{"mode":"normal","blocked_scripts":0,"blocked_styles":0,"transformed_documents":[],"trusted_original_restore":true,"original_document":"d2e49ea5-64b8-44f0-ae71-722972d4f15a"}}],"measured_guard_sha256":"a1c04481ce25603ade8e8fcd645ec27ff4730b446a4c54d81680b5c2fac76d97","measured_guard_documents":2},{"id":"P16","name":"actual restore before hydration with CSS/React/offline faults","status":"failed","checks":[{"id":"blocked-bundles","status":"passed","evidence":{"mode":"blocked-bundles","blocked_scripts":14,"blocked_styles":0,"transformed_documents":[],"trusted_original_restore":true,"original_document":"a6c0c7b2-77be-4a2a-95e5-89de5640e1d4"}},{"id":"blocked-css-bundles","status":"passed","evidence":{"mode":"blocked-css-bundles","blocked_scripts":14,"blocked_styles":3,"transformed_documents":[],"trusted_original_restore":true,"original_document":"64a6ae89-3ed1-4148-b6ce-19db1b672772"}},{"id":"delayed-bundles","status":"passed","evidence":{"mode":"delayed-bundles","blocked_scripts":0,"blocked_styles":0,"transformed_documents":[],"delayed_bundle_sha256":["968e7616f52d9283a444fae6f7a3ecff33394e80c9e1177859b94146d2860956","50a514868e4e913e186ebce1bbfeb0294466488528a42d14347c4df3cdf94cc3","8dc2c1d71557b434c654ec58acb1441bc0fb200c520ff548f606d88e689ee643","d77ffbf856b56b4ac7a59c41e5cc4e01612e2574ee3ed739adad6eb595a9f1f3","968e7616f52d9283a444fae6f7a3ecff33394e80c9e1177859b94146d2860956","50a514868e4e913e186ebce1bbfeb0294466488528a42d14347c4df3cdf94cc3","9a90a80a9a15f52045a58619733786ecee9042cda47d8e3dbf6961f87c409b93","fdf8e052c44354f91ddea79a5f2627808e024a5cf8e89b4d1f0f6f2e468e5a73","8dc2c1d71557b434c654ec58acb1441bc0fb200c520ff548f606d88e689ee643","d77ffbf856b56b4ac7a59c41e5cc4e01612e2574ee3ed739adad6eb595a9f1f3","57cefb9923740eac50454fd208c9357de4d9b77bca846babf5a60ce5753ab184","fdf8e052c44354f91ddea79a5f2627808e024a5cf8e89b4d1f0f6f2e468e5a73","968e7616f52d9283a444fae6f7a3ecff33394e80c9e1177859b94146d2860956","50a514868e4e913e186ebce1bbfeb0294466488528a42d14347c4df3cdf94cc3","d77ffbf856b56b4ac7a59c41e5cc4e01612e2574ee3ed739adad6eb595a9f1f3","8dc2c1d71557b434c654ec58acb1441bc0fb200c520ff548f606d88e689ee643"],"trusted_original_restore":true,"original_document":"01a14648-346d-497e-a166-ac7fef2330fd"}},{"id":"queued-react-css","status":"failed","reason":"actual required restore assertion failed","diagnostic":{"not_restored_reasons":[],"trusted_departures":1,"trusted_original_restores":1}},{"id":"offline","status":"passed","evidence":{"mode":"offline","blocked_scripts":0,"blocked_styles":0,"transformed_documents":[],"trusted_original_restore":true,"original_document":"14a82f65-1d0c-4d7a-acb5-715a4fa19009"}},{"id":"missing-guard","status":"passed","evidence":{"mode":"missing-guard","blocked_scripts":0,"blocked_styles":0,"transformed_documents":[{"upstream_status":200,"upstream_sha256":"7601b567ed5500c72589ade55c9152b051f2da7187de56413e9d548c8af87e6b","delivered_sha256":"f321062356defab01be353dd8943b95d31fa864feee47001ce995a1a13601283","pinned_guard_sha256":"a1c04481ce25603ade8e8fcd645ec27ff4730b446a4c54d81680b5c2fac76d97"}],"trusted_original_restore":true,"original_document":"89e5e1aa-97b6-4d77-b429-24b7c7124ef1"}},{"id":"thrown-guard","status":"passed","evidence":{"mode":"thrown-guard","blocked_scripts":0,"blocked_styles":0,"transformed_documents":[{"upstream_status":200,"upstream_sha256":"090a59ef9fdba857d60c03fda5a2e5d0cb82ae18d74998e3b80c62e5426dfd8c","delivered_sha256":"8e19f9c76cb01eb894cfe02031c092c4d107bec9c813eb80d15549ac5f514c0f","pinned_guard_sha256":"a1c04481ce25603ade8e8fcd645ec27ff4730b446a4c54d81680b5c2fac76d97"}],"trusted_original_restore":true,"original_document":"d5ca1b9f-1524-47aa-aacd-2ac11e8fe236"}}],"measured_guard_sha256":"a1c04481ce25603ade8e8fcd645ec27ff4730b446a4c54d81680b5c2fac76d97","measured_guard_documents":2,"reason":"required restore proof not reached"},{"id":"P17","name":"real unavailable/malformed service and failure cleanup","status":"passed"}]}

thread 'genuine_browser::genuine_production_browser_proposal_requires_all_seventeen_scenarios' (86225898) panicked at app/tests/auth_rest/genuine_browser.rs:2626:5:
assertion `left == right` failed
  left: Number(1)
 right: 0
note: run with `RUST_BACKTRACE=1` environment variable to display a backtrace
FAILED

failures:

failures:
    genuine_browser::genuine_production_browser_proposal_requires_all_seventeen_scenarios

test result: FAILED. 0 passed; 1 failed; 0 ignored; 0 measured; 120 filtered out; finished in 579.82s

error: test failed, to rerun pass `-p console-app --test auth_rest`
error: 1 target failed:
    `-p console-app --test auth_rest`
clean: console-conformance-30260 removed with its volume
